******************************************************************************
                  TI ARM Linker PC v16.9.6                     
******************************************************************************
>> Linked Sat May 18 19:35:47 2019

OUTPUT FILE NAME:   <nhung.out>
ENTRY POINT SYMBOL: "_c_int00"  address: 00001559


MEMORY CONFIGURATION

         name            origin    length      used     unused   attr    fill
----------------------  --------  ---------  --------  --------  ----  --------
  FLASH                 00000000   00040000  00001b3c  0003e4c4  R  X
  SRAM                  20000000   00008000  00000227  00007dd9  RW X


SEGMENT ALLOCATION MAP

run origin  load origin   length   init length attrs members
----------  ----------- ---------- ----------- ----- -------
00000000    00000000    00001b40   00001b40    r-x
  00000000    00000000    0000026c   0000026c    r-- .intvecs
  0000026c    0000026c    0000176c   0000176c    r-x .text
  000019d8    000019d8    0000012c   0000012c    r-- .const
  00001b08    00001b08    00000038   00000038    r-- .cinit
20000000    20000000    00000227   00000000    rw-
  20000000    20000000    00000200   00000000    rw- .stack
  20000200    20000200    00000020   00000000    rw- .data
  20000220    20000220    00000007   00000000    rw- .bss


SECTION ALLOCATION MAP

 output                                  attributes/
section   page    origin      length       input sections
--------  ----  ----------  ----------   ----------------
.intvecs   0    00000000    0000026c     
                  00000000    0000026c     tm4c123gh6pm_startup_ccs.obj (.intvecs)

.text      0    0000026c    0000176c     
                  0000026c    0000049c     uartstdio.obj (.text)
                  00000708    00000364     lcd_i2c.obj (.text)
                  00000a6c    000002ec     RTC.obj (.text)
                  00000d58    000001c4     UART.obj (.text)
                  00000f1c    00000132     driverlib.lib : gpio.obj (.text:GPIOPadConfigSet)
                  0000104e    00000002     rtsv7M4_T_le_v4SPD16_eabi.lib : i_div0.obj (.text)
                  00001050    00000114     main.obj (.text)
                  00001164    00000110     driverlib.lib : sysctl.obj (.text:SysCtlClockGet)
                  00001274    000000f4                   : sysctl.obj (.text:SysCtlClockSet)
                  00001368    0000009c     rtsv7M4_T_le_v4SPD16_eabi.lib : memcpy_t2.obj (.text)
                  00001404    0000007a                                   : memset_t2.obj (.text)
                  0000147e    00000002                                   : mpu_init.obj (.text)
                  00001480    00000070                                   : autoinit.obj (.text)
                  000014f0    00000068                                   : copy_decompress_lzss.obj (.text:decompress:lzss)
                  00001558    00000054                                   : boot.obj (.text)
                  000015ac    00000054                                   : exit.obj (.text)
                  00001600    00000050     driverlib.lib : sysctl.obj (.text:SysCtlPeripheralReset)
                  00001650    0000004c                   : i2c.obj (.text:I2CMasterInitExpClk)
                  0000169c    0000004c     rtsv7M4_T_le_v4SPD16_eabi.lib : cpy_tbl.obj (.text)
                  000016e8    00000048     driverlib.lib : gpio.obj (.text:GPIOPinConfigure)
                  00001730    00000046                   : uart.obj (.text:UARTConfigSetExpClk)
                  00001776    00000040     rtsv7M4_T_le_v4SPD16_eabi.lib : u_divt2.obj (.text)
                  000017b6    0000003c     driverlib.lib : ssi.obj (.text:SSIConfigSetExpClk)
                  000017f2    00000002     rtsv7M4_T_le_v4SPD16_eabi.lib : startup.obj (.text)
                  000017f4    00000038     driverlib.lib : sysctl.obj (.text:SysCtlPeripheralPresent)
                  0000182c    00000034                   : sysctl.obj (.text:SysCtlPeripheralEnable)
                  00001860    0000002a                   : gpio.obj (.text:GPIODirModeSet)
                  0000188a    00000002     --HOLE-- [fill = 0]
                  0000188c    00000020                   : uart.obj (.text:UARTDisable)
                  000018ac    00000018                   : gpio.obj (.text:GPIOPinTypeGPIOOutput)
                  000018c4    00000018     rtsv7M4_T_le_v4SPD16_eabi.lib : args_main.obj (.text)
                  000018dc    00000014     driverlib.lib : uart.obj (.text:UARTEnable)
                  000018f0    00000014     rtsv7M4_T_le_v4SPD16_eabi.lib : _lock.obj (.text)
                  00001904    00000012     driverlib.lib : gpio.obj (.text:GPIOPinTypeI2C)
                  00001916    00000012                   : gpio.obj (.text:GPIOPinTypeI2CSCL)
                  00001928    00000012                   : gpio.obj (.text:GPIOPinTypeSSI)
                  0000193a    00000012                   : gpio.obj (.text:GPIOPinTypeUART)
                  0000194c    00000012                   : ssi.obj (.text:SSIDataGetNonBlocking)
                  0000195e    0000000e     rtsv7M4_T_le_v4SPD16_eabi.lib : copy_decompress_none.obj (.text:decompress:none)
                  0000196c    0000000c                                   : copy_zero_init.obj (.text:decompress:ZI)
                  00001978    0000000c     tm4c123gh6pm_startup_ccs.obj (.text)
                  00001984    0000000a     driverlib.lib : i2c.obj (.text:I2CMasterEnable)
                  0000198e    0000000a                   : ssi.obj (.text:SSIEnable)
                  00001998    0000000a                   : uart.obj (.text:UARTCharGet)
                  000019a2    0000000a                   : uart.obj (.text:UARTCharPut)
                  000019ac    00000008                   : i2c.obj (.text:I2CMasterBusy)
                  000019b4    00000008                   : i2c.obj (.text:I2CMasterSlaveAddrSet)
                  000019bc    00000006                   : sysctl.obj (.text:SysCtlDelay)
                  000019c2    00000006                   : uart.obj (.text:UARTClockSourceSet)
                  000019c8    00000004                   : i2c.obj (.text:I2CMasterControl)
                  000019cc    00000004                   : i2c.obj (.text:I2CMasterDataGet)
                  000019d0    00000004                   : i2c.obj (.text:I2CMasterDataPut)
                  000019d4    00000004     rtsv7M4_T_le_v4SPD16_eabi.lib : pre_init.obj (.text)

.const     0    000019d8    0000012c     
                  000019d8    00000090     driverlib.lib : gpio.obj (.const:g_pui32GPIOBaseAddrs)
                  00001a68    0000006c                   : sysctl.obj (.const:g_pui32Xtals)
                  00001ad4    00000012     uartstdio.obj (.const:.string)
                  00001ae6    00000002     --HOLE-- [fill = 0]
                  00001ae8    0000000c     uartstdio.obj (.const:g_ui32UARTBase)
                  00001af4    0000000c     uartstdio.obj (.const:g_ui32UARTPeriph)
                  00001b00    00000004     uartstdio.obj (.const)

.cinit     0    00001b08    00000038     
                  00001b08    00000014     (.cinit..data.load) [load image, compression = lzss]
                  00001b1c    0000000c     (__TI_handler_table)
                  00001b28    00000008     (.cinit..bss.load) [load image, compression = zero_init]
                  00001b30    00000010     (__TI_cinit_table)

.init_array 
*          0    00000000    00000000     UNINITIALIZED

.stack     0    20000000    00000200     UNINITIALIZED
                  20000000    00000200     --HOLE--

.data      0    20000200    00000020     UNINITIALIZED
                  20000200    0000000c     rtsv7M4_T_le_v4SPD16_eabi.lib : exit.obj (.data:$O1$$)
                  2000020c    00000008                                   : _lock.obj (.data:$O1$$)
                  20000214    00000005     uartstdio.obj (.data)
                  20000219    00000001     lcd_i2c.obj (.data)
                  2000021a    00000002     --HOLE--
                  2000021c    00000004     rtsv7M4_T_le_v4SPD16_eabi.lib : stkdepth_vars.obj (.data)

.bss       0    20000220    00000007     UNINITIALIZED
                  20000220    00000001     (.common:date)
                  20000221    00000001     (.common:day)
                  20000222    00000001     (.common:hour)
                  20000223    00000001     (.common:min)
                  20000224    00000001     (.common:month)
                  20000225    00000001     (.common:sec)
                  20000226    00000001     (.common:year)

MODULE SUMMARY

       Module                         code   ro data   rw data
       ------                         ----   -------   -------
    .\
       uartstdio.obj                  1180   46        5      
       tm4c123gh6pm_startup_ccs.obj   12     620       0      
       main.obj                       276    0         7      
    +--+------------------------------+------+---------+---------+
       Total:                         1468   666       12     
                                                              
    .\LCD\
       lcd_i2c.obj                    868    0         1      
    +--+------------------------------+------+---------+---------+
       Total:                         868    0         1      
                                                              
    .\RTC\
       RTC.obj                        748    0         0      
    +--+------------------------------+------+---------+---------+
       Total:                         748    0         0      
                                                              
    .\UART\
       UART.obj                       452    0         0      
    +--+------------------------------+------+---------+---------+
       Total:                         452    0         0      
                                                              
    C:/ti/TivaWare/driverlib/ccs/Debug/driverlib.lib
       sysctl.obj                     710    108       0      
       gpio.obj                       516    144       0      
       uart.obj                       148    0         0      
       i2c.obj                        114    0         0      
       ssi.obj                        88     0         0      
    +--+------------------------------+------+---------+---------+
       Total:                         1576   252       0      
                                                              
    C:\ti\ccsv7\tools\compiler\ti-cgt-arm_16.9.6.LTS\lib\rtsv7M4_T_le_v4SPD16_eabi.lib
       memcpy_t2.obj                  156    0         0      
       memset_t2.obj                  122    0         0      
       autoinit.obj                   112    0         0      
       copy_decompress_lzss.obj       104    0         0      
       exit.obj                       84     0         12     
       boot.obj                       84     0         0      
       cpy_tbl.obj                    76     0         0      
       u_divt2.obj                    64     0         0      
       _lock.obj                      20     0         8      
       args_main.obj                  24     0         0      
       copy_decompress_none.obj       14     0         0      
       copy_zero_init.obj             12     0         0      
       pre_init.obj                   4      0         0      
       stkdepth_vars.obj              0      0         4      
       i_div0.obj                     2      0         0      
       mpu_init.obj                   2      0         0      
       startup.obj                    2      0         0      
    +--+------------------------------+------+---------+---------+
       Total:                         882    0         24     
                                                              
       Stack:                         0      0         512    
       Linker Generated:              0      56        0      
    +--+------------------------------+------+---------+---------+
       Grand Total:                   5994   974       549    


LINKER GENERATED COPY TABLES

__TI_cinit_table @ 00001b30 records: 2, size/record: 8, table size: 16
	.data: load addr=00001b08, load size=00000014 bytes, run addr=20000200, run size=00000020 bytes, compression=lzss
	.bss: load addr=00001b28, load size=00000008 bytes, run addr=20000220, run size=00000007 bytes, compression=zero_init


LINKER GENERATED HANDLER TABLE

__TI_handler_table @ 00001b1c records: 3, size/record: 4, table size: 12
	index: 0, handler: __TI_decompress_lzss
	index: 1, handler: __TI_decompress_none
	index: 2, handler: __TI_zero_init


GLOBAL SYMBOLS: SORTED ALPHABETICALLY BY Name 

address   name                           
-------   ----                           
000015ad  C$$EXIT                        
0000082f  Delay_lcd                      
00001861  GPIODirModeSet                 
00000f1d  GPIOPadConfigSet               
000016e9  GPIOPinConfigure               
000018ad  GPIOPinTypeGPIOOutput          
00001905  GPIOPinTypeI2C                 
00001917  GPIOPinTypeI2CSCL              
00001929  GPIOPinTypeSSI                 
0000193b  GPIOPinTypeUART                
00000d25  GetClock                       
000019ad  I2CMasterBusy                  
000019c9  I2CMasterControl               
000019cd  I2CMasterDataGet               
000019d1  I2CMasterDataPut               
00001985  I2CMasterEnable                
00001651  I2CMasterInitExpClk            
000019b5  I2CMasterSlaveAddrSet          
00000749  I2C_byte                       
00000787  I2C_write                      
00000d59  InitConsole                    
00000dd5  InitSSI                        
00000a2b  LCD_Puts                       
00000947  Lcd_Goto                       
00000849  Lcd_write                      
00000a09  Lcd_write_char                 
00000ba1  RTC_I2C_Receive                
00000abb  RTC_I2C_byte                   
00000af9  RTC_I2C_write                  
00000c47  RTC_Init                       
00000a6d  RTC_InitI2C                    
00001979  ResetISR                       
UNDEFED   SHT$$INIT_ARRAY$$Base          
UNDEFED   SHT$$INIT_ARRAY$$Limit         
000017b7  SSIConfigSetExpClk             
0000194d  SSIDataGetNonBlocking          
0000198f  SSIEnable                      
00000c97  SetTimeDate                    
00001165  SysCtlClockGet                 
00001275  SysCtlClockSet                 
000019bd  SysCtlDelay                    
0000182d  SysCtlPeripheralEnable         
000017f5  SysCtlPeripheralPresent        
00001601  SysCtlPeripheralReset          
00001999  UARTCharGet                    
000019a3  UARTCharPut                    
000019c3  UARTClockSourceSet             
00001731  UARTConfigSetExpClk            
0000188d  UARTDisable                    
000018dd  UARTEnable                     
0000026d  UARTStdioConfig                
00000d95  UART_Config_UART1              
000003b3  UARTgetc                       
000002f9  UARTgets                       
000006d3  UARTprintf                     
000003d9  UARTvprintf                    
000002b3  UARTwrite                      
20000200  __STACK_END                    
00000200  __STACK_SIZE                   
20000200  __STACK_TOP                    
00001b30  __TI_CINIT_Base                
00001b40  __TI_CINIT_Limit               
00001b1c  __TI_Handler_Table_Base        
00001b28  __TI_Handler_Table_Limit       
00001481  __TI_auto_init                 
20000200  __TI_cleanup_ptr               
000014f1  __TI_decompress_lzss           
0000195f  __TI_decompress_none           
20000204  __TI_dtors_ptr                 
20000208  __TI_enable_exit_profile_output
ffffffff  __TI_pprof_out_hndl            
ffffffff  __TI_prof_data_size            
ffffffff  __TI_prof_data_start           
00000000  __TI_static_base__             
0000196d  __TI_zero_init                 
0000104f  __aeabi_idiv0                  
00001405  __aeabi_memclr                 
00001405  __aeabi_memclr4                
00001405  __aeabi_memclr8                
00001369  __aeabi_memcpy                 
00001369  __aeabi_memcpy4                
00001369  __aeabi_memcpy8                
00001407  __aeabi_memset                 
00001407  __aeabi_memset4                
00001407  __aeabi_memset8                
00001777  __aeabi_uidiv                  
00001777  __aeabi_uidivmod               
ffffffff  __binit__                      
ffffffff  __c_args__                     
0000147f  __mpu_init                     
20000000  __stack                        
000018c5  _args_main                     
00001559  _c_int00                       
2000020c  _lock                          
000018ff  _nop                           
000018f7  _register_lock                 
000018f1  _register_unlock               
000017f3  _system_post_cinit             
000019d5  _system_pre_init               
20000210  _unlock                        
000015b1  abort                          
20000219  addr                           
00000c1f  bcd2dec                        
ffffffff  binit                          
000009f3  clear                          
0000169d  copy_in                        
20000220  date                           
20000221  day                            
00000bf9  dec2bcd                        
00000e5d  dumpHex                        
000015b9  exit                           
00000000  g_pfnVectors                   
20000222  hour                           
00000709  initI2C                        
00000e4b  initLeds                       
0000097d  lcd_init                       
00001051  main                           
2000021c  main_func_sp                   
00001369  memcpy                         
0000140d  memset                         
20000223  min                            
20000224  month                          
20000225  sec                            
20000226  year                           


GLOBAL SYMBOLS: SORTED BY Symbol Address 

address   name                           
-------   ----                           
00000000  __TI_static_base__             
00000000  g_pfnVectors                   
00000200  __STACK_SIZE                   
0000026d  UARTStdioConfig                
000002b3  UARTwrite                      
000002f9  UARTgets                       
000003b3  UARTgetc                       
000003d9  UARTvprintf                    
000006d3  UARTprintf                     
00000709  initI2C                        
00000749  I2C_byte                       
00000787  I2C_write                      
0000082f  Delay_lcd                      
00000849  Lcd_write                      
00000947  Lcd_Goto                       
0000097d  lcd_init                       
000009f3  clear                          
00000a09  Lcd_write_char                 
00000a2b  LCD_Puts                       
00000a6d  RTC_InitI2C                    
00000abb  RTC_I2C_byte                   
00000af9  RTC_I2C_write                  
00000ba1  RTC_I2C_Receive                
00000bf9  dec2bcd                        
00000c1f  bcd2dec                        
00000c47  RTC_Init                       
00000c97  SetTimeDate                    
00000d25  GetClock                       
00000d59  InitConsole                    
00000d95  UART_Config_UART1              
00000dd5  InitSSI                        
00000e4b  initLeds                       
00000e5d  dumpHex                        
00000f1d  GPIOPadConfigSet               
0000104f  __aeabi_idiv0                  
00001051  main                           
00001165  SysCtlClockGet                 
00001275  SysCtlClockSet                 
00001369  __aeabi_memcpy                 
00001369  __aeabi_memcpy4                
00001369  __aeabi_memcpy8                
00001369  memcpy                         
00001405  __aeabi_memclr                 
00001405  __aeabi_memclr4                
00001405  __aeabi_memclr8                
00001407  __aeabi_memset                 
00001407  __aeabi_memset4                
00001407  __aeabi_memset8                
0000140d  memset                         
0000147f  __mpu_init                     
00001481  __TI_auto_init                 
000014f1  __TI_decompress_lzss           
00001559  _c_int00                       
000015ad  C$$EXIT                        
000015b1  abort                          
000015b9  exit                           
00001601  SysCtlPeripheralReset          
00001651  I2CMasterInitExpClk            
0000169d  copy_in                        
000016e9  GPIOPinConfigure               
00001731  UARTConfigSetExpClk            
00001777  __aeabi_uidiv                  
00001777  __aeabi_uidivmod               
000017b7  SSIConfigSetExpClk             
000017f3  _system_post_cinit             
000017f5  SysCtlPeripheralPresent        
0000182d  SysCtlPeripheralEnable         
00001861  GPIODirModeSet                 
0000188d  UARTDisable                    
000018ad  GPIOPinTypeGPIOOutput          
000018c5  _args_main                     
000018dd  UARTEnable                     
000018f1  _register_unlock               
000018f7  _register_lock                 
000018ff  _nop                           
00001905  GPIOPinTypeI2C                 
00001917  GPIOPinTypeI2CSCL              
00001929  GPIOPinTypeSSI                 
0000193b  GPIOPinTypeUART                
0000194d  SSIDataGetNonBlocking          
0000195f  __TI_decompress_none           
0000196d  __TI_zero_init                 
00001979  ResetISR                       
00001985  I2CMasterEnable                
0000198f  SSIEnable                      
00001999  UARTCharGet                    
000019a3  UARTCharPut                    
000019ad  I2CMasterBusy                  
000019b5  I2CMasterSlaveAddrSet          
000019bd  SysCtlDelay                    
000019c3  UARTClockSourceSet             
000019c9  I2CMasterControl               
000019cd  I2CMasterDataGet               
000019d1  I2CMasterDataPut               
000019d5  _system_pre_init               
00001b1c  __TI_Handler_Table_Base        
00001b28  __TI_Handler_Table_Limit       
00001b30  __TI_CINIT_Base                
00001b40  __TI_CINIT_Limit               
20000000  __stack                        
20000200  __STACK_END                    
20000200  __STACK_TOP                    
20000200  __TI_cleanup_ptr               
20000204  __TI_dtors_ptr                 
20000208  __TI_enable_exit_profile_output
2000020c  _lock                          
20000210  _unlock                        
20000219  addr                           
2000021c  main_func_sp                   
20000220  date                           
20000221  day                            
20000222  hour                           
20000223  min                            
20000224  month                          
20000225  sec                            
20000226  year                           
ffffffff  __TI_pprof_out_hndl            
ffffffff  __TI_prof_data_size            
ffffffff  __TI_prof_data_start           
ffffffff  __binit__                      
ffffffff  __c_args__                     
ffffffff  binit                          
UNDEFED   SHT$$INIT_ARRAY$$Base          
UNDEFED   SHT$$INIT_ARRAY$$Limit         

[124 symbols]
