<?xml version="1.0"?>
<link_info>
   <banner>TI ARM Linker PC v16.9.6.LTS</banner>
   <copyright>Copyright (c) 1996-2017 Texas Instruments Incorporated</copyright>
   <link_time>0x5ce3f1aa</link_time>
   <link_errors>0x0</link_errors>
   <output_file>nhung.out</output_file>
   <entry_point>
      <name>_c_int00</name>
      <address>0x1f29</address>
   </entry_point>
   <input_file_list>
      <input_file id="fl-2">
         <path>.\</path>
         <kind>object</kind>
         <file>main.obj</file>
         <name>main.obj</name>
      </input_file>
      <input_file id="fl-3">
         <path>.\</path>
         <kind>object</kind>
         <file>tm4c123gh6pm_startup_ccs.obj</file>
         <name>tm4c123gh6pm_startup_ccs.obj</name>
      </input_file>
      <input_file id="fl-4">
         <path>.\</path>
         <kind>object</kind>
         <file>uartstdio.obj</file>
         <name>uartstdio.obj</name>
      </input_file>
      <input_file id="fl-5">
         <path>.\LCD\</path>
         <kind>object</kind>
         <file>lcd_i2c.obj</file>
         <name>lcd_i2c.obj</name>
      </input_file>
      <input_file id="fl-6">
         <path>.\LIB\</path>
         <kind>object</kind>
         <file>Mfrc522.obj</file>
         <name>Mfrc522.obj</name>
      </input_file>
      <input_file id="fl-7">
         <path>.\RTC\</path>
         <kind>object</kind>
         <file>RTC.obj</file>
         <name>RTC.obj</name>
      </input_file>
      <input_file id="fl-8">
         <path>.\TIMER\</path>
         <kind>object</kind>
         <file>timer.obj</file>
         <name>timer.obj</name>
      </input_file>
      <input_file id="fl-9">
         <path>.\UART\</path>
         <kind>object</kind>
         <file>UART.obj</file>
         <name>UART.obj</name>
      </input_file>
      <input_file id="fl-e">
         <kind>object</kind>
         <file>&lt;internal&gt;</file>
         <name>&lt;internal&gt;</name>
      </input_file>
      <input_file id="fl-f">
         <path>C:\ti\TivaWare\driverlib\ccs\Debug\</path>
         <kind>archive</kind>
         <file>driverlib.lib</file>
         <name>gpio.obj</name>
      </input_file>
      <input_file id="fl-10">
         <path>C:\ti\TivaWare\driverlib\ccs\Debug\</path>
         <kind>archive</kind>
         <file>driverlib.lib</file>
         <name>i2c.obj</name>
      </input_file>
      <input_file id="fl-11">
         <path>C:\ti\TivaWare\driverlib\ccs\Debug\</path>
         <kind>archive</kind>
         <file>driverlib.lib</file>
         <name>interrupt.obj</name>
      </input_file>
      <input_file id="fl-12">
         <path>C:\ti\TivaWare\driverlib\ccs\Debug\</path>
         <kind>archive</kind>
         <file>driverlib.lib</file>
         <name>ssi.obj</name>
      </input_file>
      <input_file id="fl-13">
         <path>C:\ti\TivaWare\driverlib\ccs\Debug\</path>
         <kind>archive</kind>
         <file>driverlib.lib</file>
         <name>sysctl.obj</name>
      </input_file>
      <input_file id="fl-14">
         <path>C:\ti\TivaWare\driverlib\ccs\Debug\</path>
         <kind>archive</kind>
         <file>driverlib.lib</file>
         <name>timer.obj</name>
      </input_file>
      <input_file id="fl-15">
         <path>C:\ti\TivaWare\driverlib\ccs\Debug\</path>
         <kind>archive</kind>
         <file>driverlib.lib</file>
         <name>uart.obj</name>
      </input_file>
      <input_file id="fl-16">
         <path>C:\ti\TivaWare\driverlib\ccs\Debug\</path>
         <kind>archive</kind>
         <file>driverlib.lib</file>
         <name>cpu.obj</name>
      </input_file>
      <input_file id="fl-cc">
         <path>C:\ti\ccsv7\tools\compiler\ti-cgt-arm_16.9.6.LTS\lib\</path>
         <kind>archive</kind>
         <file>rtsv7M4_T_le_v4SPD16_eabi.lib</file>
         <name>boot.obj</name>
      </input_file>
      <input_file id="fl-cd">
         <path>C:\ti\ccsv7\tools\compiler\ti-cgt-arm_16.9.6.LTS\lib\</path>
         <kind>archive</kind>
         <file>rtsv7M4_T_le_v4SPD16_eabi.lib</file>
         <name>copy_decompress_lzss.obj</name>
      </input_file>
      <input_file id="fl-ce">
         <path>C:\ti\ccsv7\tools\compiler\ti-cgt-arm_16.9.6.LTS\lib\</path>
         <kind>archive</kind>
         <file>rtsv7M4_T_le_v4SPD16_eabi.lib</file>
         <name>copy_decompress_none.obj</name>
      </input_file>
      <input_file id="fl-cf">
         <path>C:\ti\ccsv7\tools\compiler\ti-cgt-arm_16.9.6.LTS\lib\</path>
         <kind>archive</kind>
         <file>rtsv7M4_T_le_v4SPD16_eabi.lib</file>
         <name>copy_zero_init.obj</name>
      </input_file>
      <input_file id="fl-d0">
         <path>C:\ti\ccsv7\tools\compiler\ti-cgt-arm_16.9.6.LTS\lib\</path>
         <kind>archive</kind>
         <file>rtsv7M4_T_le_v4SPD16_eabi.lib</file>
         <name>exit.obj</name>
      </input_file>
      <input_file id="fl-d1">
         <path>C:\ti\ccsv7\tools\compiler\ti-cgt-arm_16.9.6.LTS\lib\</path>
         <kind>archive</kind>
         <file>rtsv7M4_T_le_v4SPD16_eabi.lib</file>
         <name>memcpy_t2.obj</name>
      </input_file>
      <input_file id="fl-d2">
         <path>C:\ti\ccsv7\tools\compiler\ti-cgt-arm_16.9.6.LTS\lib\</path>
         <kind>archive</kind>
         <file>rtsv7M4_T_le_v4SPD16_eabi.lib</file>
         <name>memset_t2.obj</name>
      </input_file>
      <input_file id="fl-d3">
         <path>C:\ti\ccsv7\tools\compiler\ti-cgt-arm_16.9.6.LTS\lib\</path>
         <kind>archive</kind>
         <file>rtsv7M4_T_le_v4SPD16_eabi.lib</file>
         <name>mpu_init.obj</name>
      </input_file>
      <input_file id="fl-d4">
         <path>C:\ti\ccsv7\tools\compiler\ti-cgt-arm_16.9.6.LTS\lib\</path>
         <kind>archive</kind>
         <file>rtsv7M4_T_le_v4SPD16_eabi.lib</file>
         <name>pre_init.obj</name>
      </input_file>
      <input_file id="fl-d5">
         <path>C:\ti\ccsv7\tools\compiler\ti-cgt-arm_16.9.6.LTS\lib\</path>
         <kind>archive</kind>
         <file>rtsv7M4_T_le_v4SPD16_eabi.lib</file>
         <name>stkdepth_vars.obj</name>
      </input_file>
      <input_file id="fl-d6">
         <path>C:\ti\ccsv7\tools\compiler\ti-cgt-arm_16.9.6.LTS\lib\</path>
         <kind>archive</kind>
         <file>rtsv7M4_T_le_v4SPD16_eabi.lib</file>
         <name>u_divt2.obj</name>
      </input_file>
      <input_file id="fl-d7">
         <path>C:\ti\ccsv7\tools\compiler\ti-cgt-arm_16.9.6.LTS\lib\</path>
         <kind>archive</kind>
         <file>rtsv7M4_T_le_v4SPD16_eabi.lib</file>
         <name>_lock.obj</name>
      </input_file>
      <input_file id="fl-d8">
         <path>C:\ti\ccsv7\tools\compiler\ti-cgt-arm_16.9.6.LTS\lib\</path>
         <kind>archive</kind>
         <file>rtsv7M4_T_le_v4SPD16_eabi.lib</file>
         <name>args_main.obj</name>
      </input_file>
      <input_file id="fl-d9">
         <path>C:\ti\ccsv7\tools\compiler\ti-cgt-arm_16.9.6.LTS\lib\</path>
         <kind>archive</kind>
         <file>rtsv7M4_T_le_v4SPD16_eabi.lib</file>
         <name>autoinit.obj</name>
      </input_file>
      <input_file id="fl-da">
         <path>C:\ti\ccsv7\tools\compiler\ti-cgt-arm_16.9.6.LTS\lib\</path>
         <kind>archive</kind>
         <file>rtsv7M4_T_le_v4SPD16_eabi.lib</file>
         <name>cpy_tbl.obj</name>
      </input_file>
      <input_file id="fl-db">
         <path>C:\ti\ccsv7\tools\compiler\ti-cgt-arm_16.9.6.LTS\lib\</path>
         <kind>archive</kind>
         <file>rtsv7M4_T_le_v4SPD16_eabi.lib</file>
         <name>i_div0.obj</name>
      </input_file>
      <input_file id="fl-dc">
         <path>C:\ti\ccsv7\tools\compiler\ti-cgt-arm_16.9.6.LTS\lib\</path>
         <kind>archive</kind>
         <file>rtsv7M4_T_le_v4SPD16_eabi.lib</file>
         <name>startup.obj</name>
      </input_file>
   </input_file_list>
   <object_component_list>
      <object_component id="oc-f">
         <name>.intvecs</name>
         <load_address>0x0</load_address>
         <run_address>0x0</run_address>
         <size>0x26c</size>
         <input_file_ref idref="fl-3"/>
      </object_component>
      <object_component id="oc-dd">
         <name>.text</name>
         <load_address>0x26c</load_address>
         <run_address>0x26c</run_address>
         <size>0x856</size>
         <input_file_ref idref="fl-6"/>
      </object_component>
      <object_component id="oc-29d">
         <name>.text</name>
         <load_address>0xac2</load_address>
         <run_address>0xac2</run_address>
         <size>0x2</size>
         <input_file_ref idref="fl-db"/>
      </object_component>
      <object_component id="oc-f5">
         <name>.text</name>
         <load_address>0xac4</load_address>
         <run_address>0xac4</run_address>
         <size>0x49c</size>
         <input_file_ref idref="fl-4"/>
      </object_component>
      <object_component id="oc-e3">
         <name>.text</name>
         <load_address>0xf60</load_address>
         <run_address>0xf60</run_address>
         <size>0x35c</size>
         <input_file_ref idref="fl-5"/>
      </object_component>
      <object_component id="oc-e9">
         <name>.text</name>
         <load_address>0x12bc</load_address>
         <run_address>0x12bc</run_address>
         <size>0x2ec</size>
         <input_file_ref idref="fl-7"/>
      </object_component>
      <object_component id="oc-a7">
         <name>.text</name>
         <load_address>0x15a8</load_address>
         <run_address>0x15a8</run_address>
         <size>0x248</size>
         <input_file_ref idref="fl-2"/>
      </object_component>
      <object_component id="oc-264">
         <name>.text:GPIOPadConfigSet</name>
         <load_address>0x17f0</load_address>
         <run_address>0x17f0</run_address>
         <size>0x132</size>
         <input_file_ref idref="fl-f"/>
      </object_component>
      <object_component id="oc-57">
         <name>.text</name>
         <load_address>0x1922</load_address>
         <run_address>0x1922</run_address>
         <size>0x2</size>
         <input_file_ref idref="fl-d3"/>
      </object_component>
      <object_component id="oc-177">
         <name>.text:SysCtlClockGet</name>
         <load_address>0x1924</load_address>
         <run_address>0x1924</run_address>
         <size>0x110</size>
         <input_file_ref idref="fl-13"/>
      </object_component>
      <object_component id="oc-cb">
         <name>.text:SysCtlClockSet</name>
         <load_address>0x1a34</load_address>
         <run_address>0x1a34</run_address>
         <size>0xf4</size>
         <input_file_ref idref="fl-13"/>
      </object_component>
      <object_component id="oc-d7">
         <name>.text</name>
         <load_address>0x1b28</load_address>
         <run_address>0x1b28</run_address>
         <size>0xa8</size>
         <input_file_ref idref="fl-9"/>
      </object_component>
      <object_component id="oc-d1">
         <name>.text</name>
         <load_address>0x1bd0</load_address>
         <run_address>0x1bd0</run_address>
         <size>0xa0</size>
         <input_file_ref idref="fl-8"/>
      </object_component>
      <object_component id="oc-3f">
         <name>.text</name>
         <load_address>0x1c70</load_address>
         <run_address>0x1c70</run_address>
         <size>0x9c</size>
         <input_file_ref idref="fl-d1"/>
      </object_component>
      <object_component id="oc-4b">
         <name>.text</name>
         <load_address>0x1d0c</load_address>
         <run_address>0x1d0c</run_address>
         <size>0x7a</size>
         <input_file_ref idref="fl-d2"/>
      </object_component>
      <object_component id="oc-9f">
         <name>.text</name>
         <load_address>0x1d86</load_address>
         <run_address>0x1d86</run_address>
         <size>0x2</size>
         <input_file_ref idref="fl-dc"/>
      </object_component>
      <object_component id="oc-63">
         <name>.text</name>
         <load_address>0x1d88</load_address>
         <run_address>0x1d88</run_address>
         <size>0x70</size>
         <input_file_ref idref="fl-d9"/>
      </object_component>
      <object_component id="oc-24c">
         <name>.text:IntEnable</name>
         <load_address>0x1df8</load_address>
         <run_address>0x1df8</run_address>
         <size>0x68</size>
         <input_file_ref idref="fl-11"/>
      </object_component>
      <object_component id="oc-12">
         <name>.text:decompress:lzss</name>
         <load_address>0x1e60</load_address>
         <run_address>0x1e60</run_address>
         <size>0x68</size>
         <input_file_ref idref="fl-cd"/>
      </object_component>
      <object_component id="oc-142">
         <name>.text:TimerConfigure</name>
         <load_address>0x1ec8</load_address>
         <run_address>0x1ec8</run_address>
         <size>0x60</size>
         <input_file_ref idref="fl-14"/>
      </object_component>
      <object_component id="oc-24">
         <name>.text</name>
         <load_address>0x1f28</load_address>
         <run_address>0x1f28</run_address>
         <size>0x54</size>
         <input_file_ref idref="fl-cc"/>
      </object_component>
      <object_component id="oc-6f">
         <name>.text</name>
         <load_address>0x1f7c</load_address>
         <run_address>0x1f7c</run_address>
         <size>0x54</size>
         <input_file_ref idref="fl-d0"/>
      </object_component>
      <object_component id="oc-1f6">
         <name>.text:SysCtlPeripheralReset</name>
         <load_address>0x1fd0</load_address>
         <run_address>0x1fd0</run_address>
         <size>0x50</size>
         <input_file_ref idref="fl-13"/>
      </object_component>
      <object_component id="oc-1cd">
         <name>.text:I2CMasterInitExpClk</name>
         <load_address>0x2020</load_address>
         <run_address>0x2020</run_address>
         <size>0x4c</size>
         <input_file_ref idref="fl-10"/>
      </object_component>
      <object_component id="oc-240">
         <name>.text:_TimerIntNumberGet</name>
         <load_address>0x206c</load_address>
         <run_address>0x206c</run_address>
         <size>0x4c</size>
         <input_file_ref idref="fl-14"/>
      </object_component>
      <object_component id="oc-99">
         <name>.text</name>
         <load_address>0x20b8</load_address>
         <run_address>0x20b8</run_address>
         <size>0x4c</size>
         <input_file_ref idref="fl-da"/>
      </object_component>
      <object_component id="oc-165">
         <name>.text:GPIOPinConfigure</name>
         <load_address>0x2104</load_address>
         <run_address>0x2104</run_address>
         <size>0x48</size>
         <input_file_ref idref="fl-f"/>
      </object_component>
      <object_component id="oc-17d">
         <name>.text:UARTConfigSetExpClk</name>
         <load_address>0x214c</load_address>
         <run_address>0x214c</run_address>
         <size>0x46</size>
         <input_file_ref idref="fl-15"/>
      </object_component>
      <object_component id="oc-21b">
         <name>.text</name>
         <load_address>0x2192</load_address>
         <run_address>0x2192</run_address>
         <size>0x40</size>
         <input_file_ref idref="fl-d6"/>
      </object_component>
      <object_component id="oc-196">
         <name>.text:SSIConfigSetExpClk</name>
         <load_address>0x21d2</load_address>
         <run_address>0x21d2</run_address>
         <size>0x3c</size>
         <input_file_ref idref="fl-12"/>
      </object_component>
      <object_component id="oc-206">
         <name>.text:SysCtlPeripheralPresent</name>
         <load_address>0x2210</load_address>
         <run_address>0x2210</run_address>
         <size>0x38</size>
         <input_file_ref idref="fl-13"/>
      </object_component>
      <object_component id="oc-246">
         <name>.text:IntRegister</name>
         <load_address>0x2248</load_address>
         <run_address>0x2248</run_address>
         <size>0x34</size>
         <input_file_ref idref="fl-11"/>
      </object_component>
      <object_component id="oc-13c">
         <name>.text:SysCtlPeripheralEnable</name>
         <load_address>0x227c</load_address>
         <run_address>0x227c</run_address>
         <size>0x34</size>
         <input_file_ref idref="fl-13"/>
      </object_component>
      <object_component id="oc-25e">
         <name>.text:GPIODirModeSet</name>
         <load_address>0x22b0</load_address>
         <run_address>0x22b0</run_address>
         <size>0x2a</size>
         <input_file_ref idref="fl-f"/>
      </object_component>
      <object_component id="oc-26f">
         <name>.text:UARTDisable</name>
         <load_address>0x22dc</load_address>
         <run_address>0x22dc</run_address>
         <size>0x20</size>
         <input_file_ref idref="fl-15"/>
      </object_component>
      <object_component id="oc-190">
         <name>.text:GPIOPinTypeGPIOOutput</name>
         <load_address>0x22fc</load_address>
         <run_address>0x22fc</run_address>
         <size>0x18</size>
         <input_file_ref idref="fl-f"/>
      </object_component>
      <object_component id="oc-14e">
         <name>.text:TimerIntRegister</name>
         <load_address>0x2314</load_address>
         <run_address>0x2314</run_address>
         <size>0x18</size>
         <input_file_ref idref="fl-14"/>
      </object_component>
      <object_component id="oc-69">
         <name>.text</name>
         <load_address>0x232c</load_address>
         <run_address>0x232c</run_address>
         <size>0x18</size>
         <input_file_ref idref="fl-d8"/>
      </object_component>
      <object_component id="oc-183">
         <name>.text:UARTEnable</name>
         <load_address>0x2344</load_address>
         <run_address>0x2344</run_address>
         <size>0x14</size>
         <input_file_ref idref="fl-15"/>
      </object_component>
      <object_component id="oc-115">
         <name>.text</name>
         <load_address>0x2358</load_address>
         <run_address>0x2358</run_address>
         <size>0x14</size>
         <input_file_ref idref="fl-d7"/>
      </object_component>
      <object_component id="oc-1c7">
         <name>.text:GPIOPinTypeI2C</name>
         <load_address>0x236c</load_address>
         <run_address>0x236c</run_address>
         <size>0x12</size>
         <input_file_ref idref="fl-f"/>
      </object_component>
      <object_component id="oc-1c1">
         <name>.text:GPIOPinTypeI2CSCL</name>
         <load_address>0x237e</load_address>
         <run_address>0x237e</run_address>
         <size>0x12</size>
         <input_file_ref idref="fl-f"/>
      </object_component>
      <object_component id="oc-18a">
         <name>.text:GPIOPinTypeSSI</name>
         <load_address>0x2390</load_address>
         <run_address>0x2390</run_address>
         <size>0x12</size>
         <input_file_ref idref="fl-f"/>
      </object_component>
      <object_component id="oc-171">
         <name>.text:GPIOPinTypeUART</name>
         <load_address>0x23a2</load_address>
         <run_address>0x23a2</run_address>
         <size>0x12</size>
         <input_file_ref idref="fl-f"/>
      </object_component>
      <object_component id="oc-1a2">
         <name>.text:SSIDataGetNonBlocking</name>
         <load_address>0x23b4</load_address>
         <run_address>0x23b4</run_address>
         <size>0x12</size>
         <input_file_ref idref="fl-12"/>
      </object_component>
      <object_component id="oc-148">
         <name>.text:TimerLoadSet</name>
         <load_address>0x23c6</load_address>
         <run_address>0x23c6</run_address>
         <size>0x12</size>
         <input_file_ref idref="fl-14"/>
      </object_component>
      <object_component id="oc-15a">
         <name>.text:TimerEnable</name>
         <load_address>0x23d8</load_address>
         <run_address>0x23d8</run_address>
         <size>0xe</size>
         <input_file_ref idref="fl-14"/>
      </object_component>
      <object_component id="oc-18">
         <name>.text:decompress:none</name>
         <load_address>0x23e6</load_address>
         <run_address>0x23e6</run_address>
         <size>0xe</size>
         <input_file_ref idref="fl-ce"/>
      </object_component>
      <object_component id="oc-1b4">
         <name>.text:SSIDataGet</name>
         <load_address>0x23f4</load_address>
         <run_address>0x23f4</run_address>
         <size>0xc</size>
         <input_file_ref idref="fl-12"/>
      </object_component>
      <object_component id="oc-1e">
         <name>.text:decompress:ZI</name>
         <load_address>0x2400</load_address>
         <run_address>0x2400</run_address>
         <size>0xc</size>
         <input_file_ref idref="fl-cf"/>
      </object_component>
      <object_component id="oc-2b">
         <name>.text</name>
         <load_address>0x240c</load_address>
         <run_address>0x240c</run_address>
         <size>0xc</size>
         <input_file_ref idref="fl-3"/>
      </object_component>
      <object_component id="oc-1d3">
         <name>.text:I2CMasterEnable</name>
         <load_address>0x2418</load_address>
         <run_address>0x2418</run_address>
         <size>0xa</size>
         <input_file_ref idref="fl-10"/>
      </object_component>
      <object_component id="oc-1a8">
         <name>.text:SSIDataPut</name>
         <load_address>0x2422</load_address>
         <run_address>0x2422</run_address>
         <size>0xa</size>
         <input_file_ref idref="fl-12"/>
      </object_component>
      <object_component id="oc-19c">
         <name>.text:SSIEnable</name>
         <load_address>0x242c</load_address>
         <run_address>0x242c</run_address>
         <size>0xa</size>
         <input_file_ref idref="fl-12"/>
      </object_component>
      <object_component id="oc-130">
         <name>.text:TimerIntStatus</name>
         <load_address>0x2436</load_address>
         <run_address>0x2436</run_address>
         <size>0xa</size>
         <input_file_ref idref="fl-14"/>
      </object_component>
      <object_component id="oc-20c">
         <name>.text:UARTCharGet</name>
         <load_address>0x2440</load_address>
         <run_address>0x2440</run_address>
         <size>0xa</size>
         <input_file_ref idref="fl-15"/>
      </object_component>
      <object_component id="oc-fb">
         <name>.text:UARTCharPut</name>
         <load_address>0x244a</load_address>
         <run_address>0x244a</run_address>
         <size>0xa</size>
         <input_file_ref idref="fl-15"/>
      </object_component>
      <object_component id="oc-1e5">
         <name>.text:I2CMasterBusy</name>
         <load_address>0x2454</load_address>
         <run_address>0x2454</run_address>
         <size>0x8</size>
         <input_file_ref idref="fl-10"/>
      </object_component>
      <object_component id="oc-1d9">
         <name>.text:I2CMasterSlaveAddrSet</name>
         <load_address>0x245c</load_address>
         <run_address>0x245c</run_address>
         <size>0x8</size>
         <input_file_ref idref="fl-10"/>
      </object_component>
      <object_component id="oc-1ae">
         <name>.text:SSIBusy</name>
         <load_address>0x2464</load_address>
         <run_address>0x2464</run_address>
         <size>0x8</size>
         <input_file_ref idref="fl-12"/>
      </object_component>
      <object_component id="oc-154">
         <name>.text:TimerIntEnable</name>
         <load_address>0x246c</load_address>
         <run_address>0x246c</run_address>
         <size>0x8</size>
         <input_file_ref idref="fl-14"/>
      </object_component>
      <object_component id="oc-ef">
         <name>.text:GPIOPinWrite</name>
         <load_address>0x2474</load_address>
         <run_address>0x2474</run_address>
         <size>0x6</size>
         <input_file_ref idref="fl-f"/>
      </object_component>
      <object_component id="oc-12d">
         <name>.text:SysCtlDelay</name>
         <load_address>0x247a</load_address>
         <run_address>0x247a</run_address>
         <size>0x6</size>
         <input_file_ref idref="fl-13"/>
      </object_component>
      <object_component id="oc-16b">
         <name>.text:UARTClockSourceSet</name>
         <load_address>0x2480</load_address>
         <run_address>0x2480</run_address>
         <size>0x6</size>
         <input_file_ref idref="fl-15"/>
      </object_component>
      <object_component id="oc-1eb">
         <name>.text:I2CMasterControl</name>
         <load_address>0x2486</load_address>
         <run_address>0x2486</run_address>
         <size>0x4</size>
         <input_file_ref idref="fl-10"/>
      </object_component>
      <object_component id="oc-1fc">
         <name>.text:I2CMasterDataGet</name>
         <load_address>0x248a</load_address>
         <run_address>0x248a</run_address>
         <size>0x4</size>
         <input_file_ref idref="fl-10"/>
      </object_component>
      <object_component id="oc-1df">
         <name>.text:I2CMasterDataPut</name>
         <load_address>0x248e</load_address>
         <run_address>0x248e</run_address>
         <size>0x4</size>
         <input_file_ref idref="fl-10"/>
      </object_component>
      <object_component id="oc-136">
         <name>.text:TimerIntClear</name>
         <load_address>0x2492</load_address>
         <run_address>0x2492</run_address>
         <size>0x4</size>
         <input_file_ref idref="fl-14"/>
      </object_component>
      <object_component id="oc-5d">
         <name>.text</name>
         <load_address>0x2496</load_address>
         <run_address>0x2496</run_address>
         <size>0x4</size>
         <input_file_ref idref="fl-d4"/>
      </object_component>
      <object_component id="oc-259">
         <name>.const:g_pui32GPIOBaseAddrs</name>
         <load_address>0x249c</load_address>
         <run_address>0x249c</run_address>
         <size>0x90</size>
         <input_file_ref idref="fl-f"/>
      </object_component>
      <object_component id="oc-2b9">
         <name>.const</name>
         <load_address>0x252c</load_address>
         <run_address>0x252c</run_address>
         <size>0x70</size>
         <input_file_ref idref="fl-11"/>
      </object_component>
      <object_component id="oc-26b">
         <name>.const:g_pui32Xtals</name>
         <load_address>0x259c</load_address>
         <run_address>0x259c</run_address>
         <size>0x6c</size>
         <input_file_ref idref="fl-13"/>
      </object_component>
      <object_component id="oc-2ad">
         <name>.const:g_ppui32TimerIntMap</name>
         <load_address>0x2608</load_address>
         <run_address>0x2608</run_address>
         <size>0x60</size>
         <input_file_ref idref="fl-14"/>
      </object_component>
      <object_component id="oc-2b0">
         <name>.const:g_ppui32TimerIntMapSnowflake</name>
         <load_address>0x2668</load_address>
         <run_address>0x2668</run_address>
         <size>0x40</size>
         <input_file_ref idref="fl-14"/>
      </object_component>
      <object_component id="oc-2a4">
         <name>.const:.string</name>
         <load_address>0x26a8</load_address>
         <run_address>0x26a8</run_address>
         <size>0x12</size>
         <input_file_ref idref="fl-4"/>
      </object_component>
      <object_component id="oc-218">
         <name>.const:g_ui32UARTBase</name>
         <load_address>0x26bc</load_address>
         <run_address>0x26bc</run_address>
         <size>0xc</size>
         <input_file_ref idref="fl-4"/>
      </object_component>
      <object_component id="oc-212">
         <name>.const:g_ui32UARTPeriph</name>
         <load_address>0x26c8</load_address>
         <run_address>0x26c8</run_address>
         <size>0xc</size>
         <input_file_ref idref="fl-4"/>
      </object_component>
      <object_component id="oc-220">
         <name>.const</name>
         <load_address>0x26d4</load_address>
         <run_address>0x26d4</run_address>
         <size>0x4</size>
         <input_file_ref idref="fl-4"/>
      </object_component>
      <object_component id="oc-2f5">
         <name>.cinit..data.load</name>
         <load_address>0x26d8</load_address>
         <run_address>0x26d8</run_address>
         <size>0x1c</size>
      </object_component>
      <object_component id="oc-2f2">
         <name>__TI_handler_table</name>
         <load_address>0x26f4</load_address>
         <run_address>0x26f4</run_address>
         <size>0xc</size>
      </object_component>
      <object_component id="oc-2f6">
         <name>.cinit..bss.load</name>
         <load_address>0x2700</load_address>
         <run_address>0x2700</run_address>
         <size>0x8</size>
      </object_component>
      <object_component id="oc-2f4">
         <name>.cinit..vtable.load</name>
         <load_address>0x2708</load_address>
         <run_address>0x2708</run_address>
         <size>0x8</size>
      </object_component>
      <object_component id="oc-2f3">
         <name>__TI_cinit_table</name>
         <load_address>0x2710</load_address>
         <run_address>0x2710</run_address>
         <size>0x18</size>
      </object_component>
      <object_component id="oc-2b4">
         <name>.vtable</name>
         <uninitialized>true</uninitialized>
         <run_address>0x20000000</run_address>
         <size>0x26c</size>
         <input_file_ref idref="fl-11"/>
      </object_component>
      <object_component id="oc-101">
         <name>.data:title</name>
         <load_address>0x2000046c</load_address>
         <run_address>0x2000046c</run_address>
         <size>0x1e</size>
         <input_file_ref idref="fl-2"/>
      </object_component>
      <object_component id="oc-215">
         <name>.data</name>
         <load_address>0x200004a0</load_address>
         <run_address>0x200004a0</run_address>
         <size>0x5</size>
         <input_file_ref idref="fl-4"/>
      </object_component>
      <object_component id="oc-1f1">
         <name>.data</name>
         <load_address>0x2000048a</load_address>
         <run_address>0x2000048a</run_address>
         <size>0x1</size>
         <input_file_ref idref="fl-5"/>
      </object_component>
      <object_component id="oc-160">
         <name>.data</name>
         <load_address>0x200004ac</load_address>
         <run_address>0x200004ac</run_address>
         <size>0x4</size>
         <input_file_ref idref="fl-8"/>
      </object_component>
      <object_component id="oc-af">
         <name>.data:$O1$$</name>
         <load_address>0x2000048c</load_address>
         <run_address>0x2000048c</run_address>
         <size>0xc</size>
         <input_file_ref idref="fl-d0"/>
      </object_component>
      <object_component id="oc-75">
         <name>.data</name>
         <load_address>0x200004a8</load_address>
         <run_address>0x200004a8</run_address>
         <size>0x4</size>
         <input_file_ref idref="fl-d5"/>
      </object_component>
      <object_component id="oc-b2">
         <name>.data:$O1$$</name>
         <load_address>0x20000498</load_address>
         <run_address>0x20000498</run_address>
         <size>0x8</size>
         <input_file_ref idref="fl-d7"/>
      </object_component>
      <object_component id="oc-104">
         <name>.common:Version</name>
         <uninitialized>true</uninitialized>
         <run_address>0x200004c9</run_address>
         <size>0x1</size>
      </object_component>
      <object_component id="oc-107">
         <name>.common:AntennaGain</name>
         <uninitialized>true</uninitialized>
         <run_address>0x200004c8</run_address>
         <size>0x1</size>
      </object_component>
      <object_component id="oc-108">
         <name>.common:status</name>
         <uninitialized>true</uninitialized>
         <run_address>0x200004ca</run_address>
         <size>0x1</size>
      </object_component>
      <object_component id="oc-109">
         <name>.common:str</name>
         <uninitialized>true</uninitialized>
         <run_address>0x200004b0</run_address>
         <size>0x10</size>
      </object_component>
      <object_component id="oc-10a">
         <name>.common:cardID</name>
         <uninitialized>true</uninitialized>
         <run_address>0x200004c0</run_address>
         <size>0x8</size>
      </object_component>
      <object_component id="oc-2a">
         <name>.stack</name>
         <uninitialized>true</uninitialized>
         <run_address>0x2000026c</run_address>
         <size>0x0</size>
         <input_file_ref idref="fl-cc"/>
      </object_component>
      <object_component id="oc-2f7">
         <name>.stack</name>
         <uninitialized>true</uninitialized>
         <run_address>0x2000026c</run_address>
         <size>0x0</size>
      </object_component>
      <object_component id="oc-105">
         <name>.debug_info</name>
         <load_address>0x0</load_address>
         <run_address>0x0</run_address>
         <size>0x78e</size>
         <input_file_ref idref="fl-2"/>
      </object_component>
      <object_component id="oc-102">
         <name>.debug_info</name>
         <load_address>0x78e</load_address>
         <run_address>0x78e</run_address>
         <size>0xc1</size>
         <input_file_ref idref="fl-2"/>
      </object_component>
      <object_component id="oc-a8">
         <name>.debug_info</name>
         <load_address>0x84f</load_address>
         <run_address>0x84f</run_address>
         <size>0x42d</size>
         <input_file_ref idref="fl-2"/>
      </object_component>
      <object_component id="oc-3a">
         <name>.debug_info</name>
         <load_address>0xc7c</load_address>
         <run_address>0xc7c</run_address>
         <size>0x84</size>
         <input_file_ref idref="fl-2"/>
      </object_component>
      <object_component id="oc-7c">
         <name>.debug_info</name>
         <load_address>0xd00</load_address>
         <run_address>0xd00</run_address>
         <size>0x18b</size>
         <input_file_ref idref="fl-2"/>
      </object_component>
      <object_component id="oc-90">
         <name>.debug_info</name>
         <load_address>0xe8b</load_address>
         <run_address>0xe8b</run_address>
         <size>0x2c</size>
         <input_file_ref idref="fl-2"/>
      </object_component>
      <object_component id="oc-225">
         <name>.debug_info</name>
         <load_address>0xeb7</load_address>
         <run_address>0xeb7</run_address>
         <size>0x4e</size>
         <input_file_ref idref="fl-2"/>
      </object_component>
      <object_component id="oc-33">
         <name>.debug_info</name>
         <load_address>0xf05</load_address>
         <run_address>0xf05</run_address>
         <size>0x292</size>
         <input_file_ref idref="fl-3"/>
      </object_component>
      <object_component id="oc-10">
         <name>.debug_info</name>
         <load_address>0x1197</load_address>
         <run_address>0x1197</run_address>
         <size>0xe3</size>
         <input_file_ref idref="fl-3"/>
      </object_component>
      <object_component id="oc-2d">
         <name>.debug_info</name>
         <load_address>0x127a</load_address>
         <run_address>0x127a</run_address>
         <size>0x25f</size>
         <input_file_ref idref="fl-3"/>
      </object_component>
      <object_component id="oc-224">
         <name>.debug_info</name>
         <load_address>0x14d9</load_address>
         <run_address>0x14d9</run_address>
         <size>0x3de</size>
         <input_file_ref idref="fl-4"/>
      </object_component>
      <object_component id="oc-216">
         <name>.debug_info</name>
         <load_address>0x18b7</load_address>
         <run_address>0x18b7</run_address>
         <size>0xe1</size>
         <input_file_ref idref="fl-4"/>
      </object_component>
      <object_component id="oc-221">
         <name>.debug_info</name>
         <load_address>0x1998</load_address>
         <run_address>0x1998</run_address>
         <size>0xdb</size>
         <input_file_ref idref="fl-4"/>
      </object_component>
      <object_component id="oc-219">
         <name>.debug_info</name>
         <load_address>0x1a73</load_address>
         <run_address>0x1a73</run_address>
         <size>0xe9</size>
         <input_file_ref idref="fl-4"/>
      </object_component>
      <object_component id="oc-213">
         <name>.debug_info</name>
         <load_address>0x1b5c</load_address>
         <run_address>0x1b5c</run_address>
         <size>0xed</size>
         <input_file_ref idref="fl-4"/>
      </object_component>
      <object_component id="oc-f8">
         <name>.debug_info</name>
         <load_address>0x1c49</load_address>
         <run_address>0x1c49</run_address>
         <size>0x862</size>
         <input_file_ref idref="fl-4"/>
      </object_component>
      <object_component id="oc-1bc">
         <name>.debug_info</name>
         <load_address>0x24ab</load_address>
         <run_address>0x24ab</run_address>
         <size>0x8b</size>
         <input_file_ref idref="fl-4"/>
      </object_component>
      <object_component id="oc-1f5">
         <name>.debug_info</name>
         <load_address>0x2536</load_address>
         <run_address>0x2536</run_address>
         <size>0x52e</size>
         <input_file_ref idref="fl-5"/>
      </object_component>
      <object_component id="oc-1f2">
         <name>.debug_info</name>
         <load_address>0x2a64</load_address>
         <run_address>0x2a64</run_address>
         <size>0xc6</size>
         <input_file_ref idref="fl-5"/>
      </object_component>
      <object_component id="oc-e5">
         <name>.debug_info</name>
         <load_address>0x2b2a</load_address>
         <run_address>0x2b2a</run_address>
         <size>0x986</size>
         <input_file_ref idref="fl-5"/>
      </object_component>
      <object_component id="oc-1bb">
         <name>.debug_info</name>
         <load_address>0x34b0</load_address>
         <run_address>0x34b0</run_address>
         <size>0x592</size>
         <input_file_ref idref="fl-6"/>
      </object_component>
      <object_component id="oc-de">
         <name>.debug_info</name>
         <load_address>0x3a42</load_address>
         <run_address>0x3a42</run_address>
         <size>0x1562</size>
         <input_file_ref idref="fl-6"/>
      </object_component>
      <object_component id="oc-203">
         <name>.debug_info</name>
         <load_address>0x4fa4</load_address>
         <run_address>0x4fa4</run_address>
         <size>0x556</size>
         <input_file_ref idref="fl-7"/>
      </object_component>
      <object_component id="oc-eb">
         <name>.debug_info</name>
         <load_address>0x54fa</load_address>
         <run_address>0x54fa</run_address>
         <size>0xa72</size>
         <input_file_ref idref="fl-7"/>
      </object_component>
      <object_component id="oc-164">
         <name>.debug_info</name>
         <load_address>0x5f6c</load_address>
         <run_address>0x5f6c</run_address>
         <size>0x487</size>
         <input_file_ref idref="fl-8"/>
      </object_component>
      <object_component id="oc-161">
         <name>.debug_info</name>
         <load_address>0x63f3</load_address>
         <run_address>0x63f3</run_address>
         <size>0xca</size>
         <input_file_ref idref="fl-8"/>
      </object_component>
      <object_component id="oc-d2">
         <name>.debug_info</name>
         <load_address>0x64bd</load_address>
         <run_address>0x64bd</run_address>
         <size>0x2e8</size>
         <input_file_ref idref="fl-8"/>
      </object_component>
      <object_component id="oc-d9">
         <name>.debug_info</name>
         <load_address>0x67a5</load_address>
         <run_address>0x67a5</run_address>
         <size>0x2e9</size>
         <input_file_ref idref="fl-9"/>
      </object_component>
      <object_component id="oc-205">
         <name>.debug_info</name>
         <load_address>0x6a8e</load_address>
         <run_address>0x6a8e</run_address>
         <size>0x240</size>
         <input_file_ref idref="fl-f"/>
      </object_component>
      <object_component id="oc-25a">
         <name>.debug_info</name>
         <load_address>0x6cce</load_address>
         <run_address>0x6cce</run_address>
         <size>0x15b</size>
         <input_file_ref idref="fl-f"/>
      </object_component>
      <object_component id="oc-f1">
         <name>.debug_info</name>
         <load_address>0x6e29</load_address>
         <run_address>0x6e29</run_address>
         <size>0x2a3</size>
         <input_file_ref idref="fl-f"/>
      </object_component>
      <object_component id="oc-260">
         <name>.debug_info</name>
         <load_address>0x70cc</load_address>
         <run_address>0x70cc</run_address>
         <size>0x2b3</size>
         <input_file_ref idref="fl-f"/>
      </object_component>
      <object_component id="oc-266">
         <name>.debug_info</name>
         <load_address>0x737f</load_address>
         <run_address>0x737f</run_address>
         <size>0x316</size>
         <input_file_ref idref="fl-f"/>
      </object_component>
      <object_component id="oc-173">
         <name>.debug_info</name>
         <load_address>0x7695</load_address>
         <run_address>0x7695</run_address>
         <size>0x27b</size>
         <input_file_ref idref="fl-f"/>
      </object_component>
      <object_component id="oc-18c">
         <name>.debug_info</name>
         <load_address>0x7910</load_address>
         <run_address>0x7910</run_address>
         <size>0x279</size>
         <input_file_ref idref="fl-f"/>
      </object_component>
      <object_component id="oc-1c3">
         <name>.debug_info</name>
         <load_address>0x7b89</load_address>
         <run_address>0x7b89</run_address>
         <size>0x27f</size>
         <input_file_ref idref="fl-f"/>
      </object_component>
      <object_component id="oc-1c9">
         <name>.debug_info</name>
         <load_address>0x7e08</load_address>
         <run_address>0x7e08</run_address>
         <size>0x279</size>
         <input_file_ref idref="fl-f"/>
      </object_component>
      <object_component id="oc-192">
         <name>.debug_info</name>
         <load_address>0x8081</load_address>
         <run_address>0x8081</run_address>
         <size>0x2b7</size>
         <input_file_ref idref="fl-f"/>
      </object_component>
      <object_component id="oc-167">
         <name>.debug_info</name>
         <load_address>0x8338</load_address>
         <run_address>0x8338</run_address>
         <size>0x280</size>
         <input_file_ref idref="fl-f"/>
      </object_component>
      <object_component id="oc-285">
         <name>.debug_info</name>
         <load_address>0x85b8</load_address>
         <run_address>0x85b8</run_address>
         <size>0x231</size>
         <input_file_ref idref="fl-10"/>
      </object_component>
      <object_component id="oc-1da">
         <name>.debug_info</name>
         <load_address>0x87e9</load_address>
         <run_address>0x87e9</run_address>
         <size>0x2ce</size>
         <input_file_ref idref="fl-10"/>
      </object_component>
      <object_component id="oc-1d4">
         <name>.debug_info</name>
         <load_address>0x8ab7</load_address>
         <run_address>0x8ab7</run_address>
         <size>0x24e</size>
         <input_file_ref idref="fl-10"/>
      </object_component>
      <object_component id="oc-1ce">
         <name>.debug_info</name>
         <load_address>0x8d05</load_address>
         <run_address>0x8d05</run_address>
         <size>0x2d5</size>
         <input_file_ref idref="fl-10"/>
      </object_component>
      <object_component id="oc-1e0">
         <name>.debug_info</name>
         <load_address>0x8fda</load_address>
         <run_address>0x8fda</run_address>
         <size>0x27e</size>
         <input_file_ref idref="fl-10"/>
      </object_component>
      <object_component id="oc-1fd">
         <name>.debug_info</name>
         <load_address>0x9258</load_address>
         <run_address>0x9258</run_address>
         <size>0x254</size>
         <input_file_ref idref="fl-10"/>
      </object_component>
      <object_component id="oc-1ec">
         <name>.debug_info</name>
         <load_address>0x94ac</load_address>
         <run_address>0x94ac</run_address>
         <size>0x27e</size>
         <input_file_ref idref="fl-10"/>
      </object_component>
      <object_component id="oc-1e6">
         <name>.debug_info</name>
         <load_address>0x972a</load_address>
         <run_address>0x972a</run_address>
         <size>0x24e</size>
         <input_file_ref idref="fl-10"/>
      </object_component>
      <object_component id="oc-2b8">
         <name>.debug_info</name>
         <load_address>0x9978</load_address>
         <run_address>0x9978</run_address>
         <size>0x20e</size>
         <input_file_ref idref="fl-11"/>
      </object_component>
      <object_component id="oc-2ba">
         <name>.debug_info</name>
         <load_address>0x9b86</load_address>
         <run_address>0x9b86</run_address>
         <size>0x210</size>
         <input_file_ref idref="fl-11"/>
      </object_component>
      <object_component id="oc-2b5">
         <name>.debug_info</name>
         <load_address>0x9d96</load_address>
         <run_address>0x9d96</run_address>
         <size>0x157</size>
         <input_file_ref idref="fl-11"/>
      </object_component>
      <object_component id="oc-249">
         <name>.debug_info</name>
         <load_address>0x9eed</load_address>
         <run_address>0x9eed</run_address>
         <size>0x2c1</size>
         <input_file_ref idref="fl-11"/>
      </object_component>
      <object_component id="oc-24d">
         <name>.debug_info</name>
         <load_address>0xa1ae</load_address>
         <run_address>0xa1ae</run_address>
         <size>0x268</size>
         <input_file_ref idref="fl-11"/>
      </object_component>
      <object_component id="oc-27a">
         <name>.debug_info</name>
         <load_address>0xa416</load_address>
         <run_address>0xa416</run_address>
         <size>0x21c</size>
         <input_file_ref idref="fl-12"/>
      </object_component>
      <object_component id="oc-19d">
         <name>.debug_info</name>
         <load_address>0xa632</load_address>
         <run_address>0xa632</run_address>
         <size>0x242</size>
         <input_file_ref idref="fl-12"/>
      </object_component>
      <object_component id="oc-1a9">
         <name>.debug_info</name>
         <load_address>0xa874</load_address>
         <run_address>0xa874</run_address>
         <size>0x276</size>
         <input_file_ref idref="fl-12"/>
      </object_component>
      <object_component id="oc-1a3">
         <name>.debug_info</name>
         <load_address>0xaaea</load_address>
         <run_address>0xaaea</run_address>
         <size>0x29a</size>
         <input_file_ref idref="fl-12"/>
      </object_component>
      <object_component id="oc-1b5">
         <name>.debug_info</name>
         <load_address>0xad84</load_address>
         <run_address>0xad84</run_address>
         <size>0x27a</size>
         <input_file_ref idref="fl-12"/>
      </object_component>
      <object_component id="oc-198">
         <name>.debug_info</name>
         <load_address>0xaffe</load_address>
         <run_address>0xaffe</run_address>
         <size>0x3d9</size>
         <input_file_ref idref="fl-12"/>
      </object_component>
      <object_component id="oc-1af">
         <name>.debug_info</name>
         <load_address>0xb3d7</load_address>
         <run_address>0xb3d7</run_address>
         <size>0x242</size>
         <input_file_ref idref="fl-12"/>
      </object_component>
      <object_component id="oc-12f">
         <name>.debug_info</name>
         <load_address>0xb619</load_address>
         <run_address>0xb619</run_address>
         <size>0x298</size>
         <input_file_ref idref="fl-13"/>
      </object_component>
      <object_component id="oc-26c">
         <name>.debug_info</name>
         <load_address>0xb8b1</load_address>
         <run_address>0xb8b1</run_address>
         <size>0x14d</size>
         <input_file_ref idref="fl-13"/>
      </object_component>
      <object_component id="oc-1f8">
         <name>.debug_info</name>
         <load_address>0xb9fe</load_address>
         <run_address>0xb9fe</run_address>
         <size>0x295</size>
         <input_file_ref idref="fl-13"/>
      </object_component>
      <object_component id="oc-208">
         <name>.debug_info</name>
         <load_address>0xbc93</load_address>
         <run_address>0xbc93</run_address>
         <size>0x283</size>
         <input_file_ref idref="fl-13"/>
      </object_component>
      <object_component id="oc-13e">
         <name>.debug_info</name>
         <load_address>0xbf16</load_address>
         <run_address>0xbf16</run_address>
         <size>0x27d</size>
         <input_file_ref idref="fl-13"/>
      </object_component>
      <object_component id="oc-cd">
         <name>.debug_info</name>
         <load_address>0xc193</load_address>
         <run_address>0xc193</run_address>
         <size>0x2db</size>
         <input_file_ref idref="fl-13"/>
      </object_component>
      <object_component id="oc-178">
         <name>.debug_info</name>
         <load_address>0xc46e</load_address>
         <run_address>0xc46e</run_address>
         <size>0x2b5</size>
         <input_file_ref idref="fl-13"/>
      </object_component>
      <object_component id="oc-235">
         <name>.debug_info</name>
         <load_address>0xc723</load_address>
         <run_address>0xc723</run_address>
         <size>0x5f</size>
         <input_file_ref idref="fl-13"/>
      </object_component>
      <object_component id="oc-23b">
         <name>.debug_info</name>
         <load_address>0xc782</load_address>
         <run_address>0xc782</run_address>
         <size>0x223</size>
         <input_file_ref idref="fl-14"/>
      </object_component>
      <object_component id="oc-2ae">
         <name>.debug_info</name>
         <load_address>0xc9a5</load_address>
         <run_address>0xc9a5</run_address>
         <size>0x15a</size>
         <input_file_ref idref="fl-14"/>
      </object_component>
      <object_component id="oc-2b1">
         <name>.debug_info</name>
         <load_address>0xcaff</load_address>
         <run_address>0xcaff</run_address>
         <size>0x16c</size>
         <input_file_ref idref="fl-14"/>
      </object_component>
      <object_component id="oc-149">
         <name>.debug_info</name>
         <load_address>0xcc6b</load_address>
         <run_address>0xcc6b</run_address>
         <size>0x2ba</size>
         <input_file_ref idref="fl-14"/>
      </object_component>
      <object_component id="oc-241">
         <name>.debug_info</name>
         <load_address>0xcf25</load_address>
         <run_address>0xcf25</run_address>
         <size>0x2eb</size>
         <input_file_ref idref="fl-14"/>
      </object_component>
      <object_component id="oc-131">
         <name>.debug_info</name>
         <load_address>0xd210</load_address>
         <run_address>0xd210</run_address>
         <size>0x284</size>
         <input_file_ref idref="fl-14"/>
      </object_component>
      <object_component id="oc-14f">
         <name>.debug_info</name>
         <load_address>0xd494</load_address>
         <run_address>0xd494</run_address>
         <size>0x2e4</size>
         <input_file_ref idref="fl-14"/>
      </object_component>
      <object_component id="oc-155">
         <name>.debug_info</name>
         <load_address>0xd778</load_address>
         <run_address>0xd778</run_address>
         <size>0x294</size>
         <input_file_ref idref="fl-14"/>
      </object_component>
      <object_component id="oc-137">
         <name>.debug_info</name>
         <load_address>0xda0c</load_address>
         <run_address>0xda0c</run_address>
         <size>0x292</size>
         <input_file_ref idref="fl-14"/>
      </object_component>
      <object_component id="oc-15b">
         <name>.debug_info</name>
         <load_address>0xdc9e</load_address>
         <run_address>0xdc9e</run_address>
         <size>0x27f</size>
         <input_file_ref idref="fl-14"/>
      </object_component>
      <object_component id="oc-143">
         <name>.debug_info</name>
         <load_address>0xdf1d</load_address>
         <run_address>0xdf1d</run_address>
         <size>0x28c</size>
         <input_file_ref idref="fl-14"/>
      </object_component>
      <object_component id="oc-22b">
         <name>.debug_info</name>
         <load_address>0xe1a9</load_address>
         <run_address>0xe1a9</run_address>
         <size>0x227</size>
         <input_file_ref idref="fl-15"/>
      </object_component>
      <object_component id="oc-184">
         <name>.debug_info</name>
         <load_address>0xe3d0</load_address>
         <run_address>0xe3d0</run_address>
         <size>0x247</size>
         <input_file_ref idref="fl-15"/>
      </object_component>
      <object_component id="oc-270">
         <name>.debug_info</name>
         <load_address>0xe617</load_address>
         <run_address>0xe617</run_address>
         <size>0x249</size>
         <input_file_ref idref="fl-15"/>
      </object_component>
      <object_component id="oc-17e">
         <name>.debug_info</name>
         <load_address>0xe860</load_address>
         <run_address>0xe860</run_address>
         <size>0x326</size>
         <input_file_ref idref="fl-15"/>
      </object_component>
      <object_component id="oc-16c">
         <name>.debug_info</name>
         <load_address>0xeb86</load_address>
         <run_address>0xeb86</run_address>
         <size>0x291</size>
         <input_file_ref idref="fl-15"/>
      </object_component>
      <object_component id="oc-fc">
         <name>.debug_info</name>
         <load_address>0xee17</load_address>
         <run_address>0xee17</run_address>
         <size>0x273</size>
         <input_file_ref idref="fl-15"/>
      </object_component>
      <object_component id="oc-20d">
         <name>.debug_info</name>
         <load_address>0xf08a</load_address>
         <run_address>0xf08a</run_address>
         <size>0x24d</size>
         <input_file_ref idref="fl-15"/>
      </object_component>
      <object_component id="oc-25">
         <name>.debug_info</name>
         <load_address>0xf2d7</load_address>
         <run_address>0xf2d7</run_address>
         <size>0x160</size>
         <input_file_ref idref="fl-cc"/>
      </object_component>
      <object_component id="oc-86">
         <name>.debug_info</name>
         <load_address>0xf437</load_address>
         <run_address>0xf437</run_address>
         <size>0x293</size>
         <input_file_ref idref="fl-cd"/>
      </object_component>
      <object_component id="oc-15">
         <name>.debug_info</name>
         <load_address>0xf6ca</load_address>
         <run_address>0xf6ca</run_address>
         <size>0x245</size>
         <input_file_ref idref="fl-cd"/>
      </object_component>
      <object_component id="oc-35">
         <name>.debug_info</name>
         <load_address>0xf90f</load_address>
         <run_address>0xf90f</run_address>
         <size>0x60</size>
         <input_file_ref idref="fl-cd"/>
      </object_component>
      <object_component id="oc-81">
         <name>.debug_info</name>
         <load_address>0xf96f</load_address>
         <run_address>0xf96f</run_address>
         <size>0x46</size>
         <input_file_ref idref="fl-cd"/>
      </object_component>
      <object_component id="oc-4a">
         <name>.debug_info</name>
         <load_address>0xf9b5</load_address>
         <run_address>0xf9b5</run_address>
         <size>0x2da</size>
         <input_file_ref idref="fl-ce"/>
      </object_component>
      <object_component id="oc-19">
         <name>.debug_info</name>
         <load_address>0xfc8f</load_address>
         <run_address>0xfc8f</run_address>
         <size>0x1df</size>
         <input_file_ref idref="fl-ce"/>
      </object_component>
      <object_component id="oc-45">
         <name>.debug_info</name>
         <load_address>0xfe6e</load_address>
         <run_address>0xfe6e</run_address>
         <size>0x46</size>
         <input_file_ref idref="fl-ce"/>
      </object_component>
      <object_component id="oc-88">
         <name>.debug_info</name>
         <load_address>0xfeb4</load_address>
         <run_address>0xfeb4</run_address>
         <size>0x2c</size>
         <input_file_ref idref="fl-ce"/>
      </object_component>
      <object_component id="oc-56">
         <name>.debug_info</name>
         <load_address>0xfee0</load_address>
         <run_address>0xfee0</run_address>
         <size>0x2c9</size>
         <input_file_ref idref="fl-cf"/>
      </object_component>
      <object_component id="oc-20">
         <name>.debug_info</name>
         <load_address>0x101a9</load_address>
         <run_address>0x101a9</run_address>
         <size>0x1aa</size>
         <input_file_ref idref="fl-cf"/>
      </object_component>
      <object_component id="oc-51">
         <name>.debug_info</name>
         <load_address>0x10353</load_address>
         <run_address>0x10353</run_address>
         <size>0x46</size>
         <input_file_ref idref="fl-cf"/>
      </object_component>
      <object_component id="oc-b6">
         <name>.debug_info</name>
         <load_address>0x10399</load_address>
         <run_address>0x10399</run_address>
         <size>0x3ce</size>
         <input_file_ref idref="fl-d0"/>
      </object_component>
      <object_component id="oc-b0">
         <name>.debug_info</name>
         <load_address>0x10767</load_address>
         <run_address>0x10767</run_address>
         <size>0x185</size>
         <input_file_ref idref="fl-d0"/>
      </object_component>
      <object_component id="oc-70">
         <name>.debug_info</name>
         <load_address>0x108ec</load_address>
         <run_address>0x108ec</run_address>
         <size>0x214</size>
         <input_file_ref idref="fl-d0"/>
      </object_component>
      <object_component id="oc-40">
         <name>.debug_info</name>
         <load_address>0x10b00</load_address>
         <run_address>0x10b00</run_address>
         <size>0x111</size>
         <input_file_ref idref="fl-d1"/>
      </object_component>
      <object_component id="oc-4c">
         <name>.debug_info</name>
         <load_address>0x10c11</load_address>
         <run_address>0x10c11</run_address>
         <size>0x13f</size>
         <input_file_ref idref="fl-d2"/>
      </object_component>
      <object_component id="oc-5b">
         <name>.debug_info</name>
         <load_address>0x10d50</load_address>
         <run_address>0x10d50</run_address>
         <size>0x138</size>
         <input_file_ref idref="fl-d3"/>
      </object_component>
      <object_component id="oc-5f">
         <name>.debug_info</name>
         <load_address>0x10e88</load_address>
         <run_address>0x10e88</run_address>
         <size>0x148</size>
         <input_file_ref idref="fl-d4"/>
      </object_component>
      <object_component id="oc-76">
         <name>.debug_info</name>
         <load_address>0x10fd0</load_address>
         <run_address>0x10fd0</run_address>
         <size>0x109</size>
         <input_file_ref idref="fl-d5"/>
      </object_component>
      <object_component id="oc-21c">
         <name>.debug_info</name>
         <load_address>0x110d9</load_address>
         <run_address>0x110d9</run_address>
         <size>0x13a</size>
         <input_file_ref idref="fl-d6"/>
      </object_component>
      <object_component id="oc-11d">
         <name>.debug_info</name>
         <load_address>0x11213</load_address>
         <run_address>0x11213</run_address>
         <size>0x2be</size>
         <input_file_ref idref="fl-d7"/>
      </object_component>
      <object_component id="oc-b3">
         <name>.debug_info</name>
         <load_address>0x114d1</load_address>
         <run_address>0x114d1</run_address>
         <size>0x113</size>
         <input_file_ref idref="fl-d7"/>
      </object_component>
      <object_component id="oc-116">
         <name>.debug_info</name>
         <load_address>0x115e4</load_address>
         <run_address>0x115e4</run_address>
         <size>0x21f</size>
         <input_file_ref idref="fl-d7"/>
      </object_component>
      <object_component id="oc-ae">
         <name>.debug_info</name>
         <load_address>0x11803</load_address>
         <run_address>0x11803</run_address>
         <size>0x300</size>
         <input_file_ref idref="fl-d8"/>
      </object_component>
      <object_component id="oc-6a">
         <name>.debug_info</name>
         <load_address>0x11b03</load_address>
         <run_address>0x11b03</run_address>
         <size>0x167</size>
         <input_file_ref idref="fl-d8"/>
      </object_component>
      <object_component id="oc-10e">
         <name>.debug_info</name>
         <load_address>0x11c6a</load_address>
         <run_address>0x11c6a</run_address>
         <size>0x5e</size>
         <input_file_ref idref="fl-d8"/>
      </object_component>
      <object_component id="oc-a6">
         <name>.debug_info</name>
         <load_address>0x11cc8</load_address>
         <run_address>0x11cc8</run_address>
         <size>0x483</size>
         <input_file_ref idref="fl-d9"/>
      </object_component>
      <object_component id="oc-64">
         <name>.debug_info</name>
         <load_address>0x1214b</load_address>
         <run_address>0x1214b</run_address>
         <size>0x190</size>
         <input_file_ref idref="fl-d9"/>
      </object_component>
      <object_component id="oc-c1">
         <name>.debug_info</name>
         <load_address>0x122db</load_address>
         <run_address>0x122db</run_address>
         <size>0x39</size>
         <input_file_ref idref="fl-d9"/>
      </object_component>
      <object_component id="oc-128">
         <name>.debug_info</name>
         <load_address>0x12314</load_address>
         <run_address>0x12314</run_address>
         <size>0x39</size>
         <input_file_ref idref="fl-d9"/>
      </object_component>
      <object_component id="oc-c6">
         <name>.debug_info</name>
         <load_address>0x1234d</load_address>
         <run_address>0x1234d</run_address>
         <size>0xcd</size>
         <input_file_ref idref="fl-d9"/>
      </object_component>
      <object_component id="oc-bd">
         <name>.debug_info</name>
         <load_address>0x1241a</load_address>
         <run_address>0x1241a</run_address>
         <size>0x37a</size>
         <input_file_ref idref="fl-da"/>
      </object_component>
      <object_component id="oc-9c">
         <name>.debug_info</name>
         <load_address>0x12794</load_address>
         <run_address>0x12794</run_address>
         <size>0x183</size>
         <input_file_ref idref="fl-da"/>
      </object_component>
      <object_component id="oc-123">
         <name>.debug_info</name>
         <load_address>0x12917</load_address>
         <run_address>0x12917</run_address>
         <size>0x2c</size>
         <input_file_ref idref="fl-da"/>
      </object_component>
      <object_component id="oc-29e">
         <name>.debug_info</name>
         <load_address>0x12943</load_address>
         <run_address>0x12943</run_address>
         <size>0x147</size>
         <input_file_ref idref="fl-db"/>
      </object_component>
      <object_component id="oc-a0">
         <name>.debug_info</name>
         <load_address>0x12a8a</load_address>
         <run_address>0x12a8a</run_address>
         <size>0x145</size>
         <input_file_ref idref="fl-dc"/>
      </object_component>
      <object_component id="oc-2f8">
         <name>.debug_info</name>
         <load_address>0x12bcf</load_address>
         <run_address>0x12bcf</run_address>
         <size>0x99</size>
      </object_component>
      <object_component id="oc-22f">
         <name>.debug_line</name>
         <load_address>0x0</load_address>
         <run_address>0x0</run_address>
         <size>0x15f</size>
         <input_file_ref idref="fl-2"/>
      </object_component>
      <object_component id="oc-22d">
         <name>.debug_line</name>
         <load_address>0x15f</load_address>
         <run_address>0x15f</run_address>
         <size>0x2d</size>
         <input_file_ref idref="fl-2"/>
      </object_component>
      <object_component id="oc-ab">
         <name>.debug_line</name>
         <load_address>0x18c</load_address>
         <run_address>0x18c</run_address>
         <size>0x93</size>
         <input_file_ref idref="fl-2"/>
      </object_component>
      <object_component id="oc-3d">
         <name>.debug_line</name>
         <load_address>0x21f</load_address>
         <run_address>0x21f</run_address>
         <size>0x20</size>
         <input_file_ref idref="fl-2"/>
      </object_component>
      <object_component id="oc-7f">
         <name>.debug_line</name>
         <load_address>0x23f</load_address>
         <run_address>0x23f</run_address>
         <size>0x65</size>
         <input_file_ref idref="fl-2"/>
      </object_component>
      <object_component id="oc-93">
         <name>.debug_line</name>
         <load_address>0x2a4</load_address>
         <run_address>0x2a4</run_address>
         <size>0x65</size>
         <input_file_ref idref="fl-2"/>
      </object_component>
      <object_component id="oc-228">
         <name>.debug_line</name>
         <load_address>0x309</load_address>
         <run_address>0x309</run_address>
         <size>0x65</size>
         <input_file_ref idref="fl-2"/>
      </object_component>
      <object_component id="oc-7b">
         <name>.debug_line</name>
         <load_address>0x36e</load_address>
         <run_address>0x36e</run_address>
         <size>0x41</size>
         <input_file_ref idref="fl-3"/>
      </object_component>
      <object_component id="oc-32">
         <name>.debug_line</name>
         <load_address>0x3af</load_address>
         <run_address>0x3af</run_address>
         <size>0x41</size>
         <input_file_ref idref="fl-3"/>
      </object_component>
      <object_component id="oc-2c">
         <name>.debug_line</name>
         <load_address>0x3f0</load_address>
         <run_address>0x3f0</run_address>
         <size>0xa1</size>
         <input_file_ref idref="fl-3"/>
      </object_component>
      <object_component id="oc-2a8">
         <name>.debug_line</name>
         <load_address>0x491</load_address>
         <run_address>0x491</run_address>
         <size>0x68</size>
         <input_file_ref idref="fl-4"/>
      </object_component>
      <object_component id="oc-29a">
         <name>.debug_line</name>
         <load_address>0x4f9</load_address>
         <run_address>0x4f9</run_address>
         <size>0x44</size>
         <input_file_ref idref="fl-4"/>
      </object_component>
      <object_component id="oc-2a6">
         <name>.debug_line</name>
         <load_address>0x53d</load_address>
         <run_address>0x53d</run_address>
         <size>0x44</size>
         <input_file_ref idref="fl-4"/>
      </object_component>
      <object_component id="oc-29c">
         <name>.debug_line</name>
         <load_address>0x581</load_address>
         <run_address>0x581</run_address>
         <size>0x44</size>
         <input_file_ref idref="fl-4"/>
      </object_component>
      <object_component id="oc-298">
         <name>.debug_line</name>
         <load_address>0x5c5</load_address>
         <run_address>0x5c5</run_address>
         <size>0x44</size>
         <input_file_ref idref="fl-4"/>
      </object_component>
      <object_component id="oc-f6">
         <name>.debug_line</name>
         <load_address>0x609</load_address>
         <run_address>0x609</run_address>
         <size>0x295</size>
         <input_file_ref idref="fl-4"/>
      </object_component>
      <object_component id="oc-1bf">
         <name>.debug_line</name>
         <load_address>0x89e</load_address>
         <run_address>0x89e</run_address>
         <size>0x20</size>
         <input_file_ref idref="fl-4"/>
      </object_component>
      <object_component id="oc-28e">
         <name>.debug_line</name>
         <load_address>0x8be</load_address>
         <run_address>0x8be</run_address>
         <size>0xa5</size>
         <input_file_ref idref="fl-5"/>
      </object_component>
      <object_component id="oc-28c">
         <name>.debug_line</name>
         <load_address>0x963</load_address>
         <run_address>0x963</run_address>
         <size>0x34</size>
         <input_file_ref idref="fl-5"/>
      </object_component>
      <object_component id="oc-e4">
         <name>.debug_line</name>
         <load_address>0x997</load_address>
         <run_address>0x997</run_address>
         <size>0x193</size>
         <input_file_ref idref="fl-5"/>
      </object_component>
      <object_component id="oc-281">
         <name>.debug_line</name>
         <load_address>0xb2a</load_address>
         <run_address>0xb2a</run_address>
         <size>0xae</size>
         <input_file_ref idref="fl-6"/>
      </object_component>
      <object_component id="oc-e1">
         <name>.debug_line</name>
         <load_address>0xbd8</load_address>
         <run_address>0xbd8</run_address>
         <size>0x404</size>
         <input_file_ref idref="fl-6"/>
      </object_component>
      <object_component id="oc-292">
         <name>.debug_line</name>
         <load_address>0xfdc</load_address>
         <run_address>0xfdc</run_address>
         <size>0x8a</size>
         <input_file_ref idref="fl-7"/>
      </object_component>
      <object_component id="oc-ea">
         <name>.debug_line</name>
         <load_address>0x1066</load_address>
         <run_address>0x1066</run_address>
         <size>0x167</size>
         <input_file_ref idref="fl-7"/>
      </object_component>
      <object_component id="oc-258">
         <name>.debug_line</name>
         <load_address>0x11cd</load_address>
         <run_address>0x11cd</run_address>
         <size>0x69</size>
         <input_file_ref idref="fl-8"/>
      </object_component>
      <object_component id="oc-256">
         <name>.debug_line</name>
         <load_address>0x1236</load_address>
         <run_address>0x1236</run_address>
         <size>0x34</size>
         <input_file_ref idref="fl-8"/>
      </object_component>
      <object_component id="oc-d5">
         <name>.debug_line</name>
         <load_address>0x126a</load_address>
         <run_address>0x126a</run_address>
         <size>0x8e</size>
         <input_file_ref idref="fl-8"/>
      </object_component>
      <object_component id="oc-dc">
         <name>.debug_line</name>
         <load_address>0x12f8</load_address>
         <run_address>0x12f8</run_address>
         <size>0x6e</size>
         <input_file_ref idref="fl-9"/>
      </object_component>
      <object_component id="oc-294">
         <name>.debug_line</name>
         <load_address>0x1366</load_address>
         <run_address>0x1366</run_address>
         <size>0x82</size>
         <input_file_ref idref="fl-f"/>
      </object_component>
      <object_component id="oc-2be">
         <name>.debug_line</name>
         <load_address>0x13e8</load_address>
         <run_address>0x13e8</run_address>
         <size>0x7d</size>
         <input_file_ref idref="fl-f"/>
      </object_component>
      <object_component id="oc-f3">
         <name>.debug_line</name>
         <load_address>0x1465</load_address>
         <run_address>0x1465</run_address>
         <size>0x92</size>
         <input_file_ref idref="fl-f"/>
      </object_component>
      <object_component id="oc-262">
         <name>.debug_line</name>
         <load_address>0x14f7</load_address>
         <run_address>0x14f7</run_address>
         <size>0x95</size>
         <input_file_ref idref="fl-f"/>
      </object_component>
      <object_component id="oc-268">
         <name>.debug_line</name>
         <load_address>0x158c</load_address>
         <run_address>0x158c</run_address>
         <size>0xd1</size>
         <input_file_ref idref="fl-f"/>
      </object_component>
      <object_component id="oc-175">
         <name>.debug_line</name>
         <load_address>0x165d</load_address>
         <run_address>0x165d</run_address>
         <size>0x93</size>
         <input_file_ref idref="fl-f"/>
      </object_component>
      <object_component id="oc-18e">
         <name>.debug_line</name>
         <load_address>0x16f0</load_address>
         <run_address>0x16f0</run_address>
         <size>0x93</size>
         <input_file_ref idref="fl-f"/>
      </object_component>
      <object_component id="oc-1c5">
         <name>.debug_line</name>
         <load_address>0x1783</load_address>
         <run_address>0x1783</run_address>
         <size>0x93</size>
         <input_file_ref idref="fl-f"/>
      </object_component>
      <object_component id="oc-1cb">
         <name>.debug_line</name>
         <load_address>0x1816</load_address>
         <run_address>0x1816</run_address>
         <size>0x93</size>
         <input_file_ref idref="fl-f"/>
      </object_component>
      <object_component id="oc-194">
         <name>.debug_line</name>
         <load_address>0x18a9</load_address>
         <run_address>0x18a9</run_address>
         <size>0x99</size>
         <input_file_ref idref="fl-f"/>
      </object_component>
      <object_component id="oc-169">
         <name>.debug_line</name>
         <load_address>0x1942</load_address>
         <run_address>0x1942</run_address>
         <size>0xa7</size>
         <input_file_ref idref="fl-f"/>
      </object_component>
      <object_component id="oc-2c7">
         <name>.debug_line</name>
         <load_address>0x19e9</load_address>
         <run_address>0x19e9</run_address>
         <size>0x82</size>
         <input_file_ref idref="fl-10"/>
      </object_component>
      <object_component id="oc-1dd">
         <name>.debug_line</name>
         <load_address>0x1a6b</load_address>
         <run_address>0x1a6b</run_address>
         <size>0x91</size>
         <input_file_ref idref="fl-10"/>
      </object_component>
      <object_component id="oc-1d7">
         <name>.debug_line</name>
         <load_address>0x1afc</load_address>
         <run_address>0x1afc</run_address>
         <size>0x91</size>
         <input_file_ref idref="fl-10"/>
      </object_component>
      <object_component id="oc-1d1">
         <name>.debug_line</name>
         <load_address>0x1b8d</load_address>
         <run_address>0x1b8d</run_address>
         <size>0xa5</size>
         <input_file_ref idref="fl-10"/>
      </object_component>
      <object_component id="oc-1e3">
         <name>.debug_line</name>
         <load_address>0x1c32</load_address>
         <run_address>0x1c32</run_address>
         <size>0x91</size>
         <input_file_ref idref="fl-10"/>
      </object_component>
      <object_component id="oc-200">
         <name>.debug_line</name>
         <load_address>0x1cc3</load_address>
         <run_address>0x1cc3</run_address>
         <size>0x91</size>
         <input_file_ref idref="fl-10"/>
      </object_component>
      <object_component id="oc-1ef">
         <name>.debug_line</name>
         <load_address>0x1d54</load_address>
         <run_address>0x1d54</run_address>
         <size>0x91</size>
         <input_file_ref idref="fl-10"/>
      </object_component>
      <object_component id="oc-1e9">
         <name>.debug_line</name>
         <load_address>0x1de5</load_address>
         <run_address>0x1de5</run_address>
         <size>0x91</size>
         <input_file_ref idref="fl-10"/>
      </object_component>
      <object_component id="oc-2d0">
         <name>.debug_line</name>
         <load_address>0x1e76</load_address>
         <run_address>0x1e76</run_address>
         <size>0x7c</size>
         <input_file_ref idref="fl-11"/>
      </object_component>
      <object_component id="oc-2d2">
         <name>.debug_line</name>
         <load_address>0x1ef2</load_address>
         <run_address>0x1ef2</run_address>
         <size>0x82</size>
         <input_file_ref idref="fl-11"/>
      </object_component>
      <object_component id="oc-2ce">
         <name>.debug_line</name>
         <load_address>0x1f74</load_address>
         <run_address>0x1f74</run_address>
         <size>0x82</size>
         <input_file_ref idref="fl-11"/>
      </object_component>
      <object_component id="oc-247">
         <name>.debug_line</name>
         <load_address>0x1ff6</load_address>
         <run_address>0x1ff6</run_address>
         <size>0xaf</size>
         <input_file_ref idref="fl-11"/>
      </object_component>
      <object_component id="oc-251">
         <name>.debug_line</name>
         <load_address>0x20a5</load_address>
         <run_address>0x20a5</run_address>
         <size>0xc2</size>
         <input_file_ref idref="fl-11"/>
      </object_component>
      <object_component id="oc-2c5">
         <name>.debug_line</name>
         <load_address>0x2167</load_address>
         <run_address>0x2167</run_address>
         <size>0x82</size>
         <input_file_ref idref="fl-12"/>
      </object_component>
      <object_component id="oc-1a1">
         <name>.debug_line</name>
         <load_address>0x21e9</load_address>
         <run_address>0x21e9</run_address>
         <size>0x91</size>
         <input_file_ref idref="fl-12"/>
      </object_component>
      <object_component id="oc-1ad">
         <name>.debug_line</name>
         <load_address>0x227a</load_address>
         <run_address>0x227a</run_address>
         <size>0x94</size>
         <input_file_ref idref="fl-12"/>
      </object_component>
      <object_component id="oc-1a7">
         <name>.debug_line</name>
         <load_address>0x230e</load_address>
         <run_address>0x230e</run_address>
         <size>0x97</size>
         <input_file_ref idref="fl-12"/>
      </object_component>
      <object_component id="oc-1b9">
         <name>.debug_line</name>
         <load_address>0x23a5</load_address>
[...]
      </symbol>
      <symbol id="sm-136">
         <name>Lcd_Goto</name>
         <value>0x118b</value>
         <object_component_ref idref="oc-e3"/>
      </symbol>
      <symbol id="sm-137">
         <name>lcd_init</name>
         <value>0x11bf</value>
         <object_component_ref idref="oc-e3"/>
      </symbol>
      <symbol id="sm-138">
         <name>Lcd_write_char</name>
         <value>0x124b</value>
         <object_component_ref idref="oc-e3"/>
      </symbol>
      <symbol id="sm-139">
         <name>addr</name>
         <value>0x2000048a</value>
         <object_component_ref idref="oc-1f1"/>
      </symbol>
      <symbol id="sm-19c">
         <name>ClearBitMask</name>
         <value>0x3fb</value>
         <object_component_ref idref="oc-dd"/>
      </symbol>
      <symbol id="sm-19d">
         <name>Halt</name>
         <value>0xa8d</value>
         <object_component_ref idref="oc-dd"/>
      </symbol>
      <symbol id="sm-19e">
         <name>ToCard</name>
         <value>0x555</value>
         <object_component_ref idref="oc-dd"/>
      </symbol>
      <symbol id="sm-19f">
         <name>SPI_transfer</name>
         <value>0x32f</value>
         <object_component_ref idref="oc-dd"/>
      </symbol>
      <symbol id="sm-1a0">
         <name>initLeds</name>
         <value>0x2e3</value>
         <object_component_ref idref="oc-dd"/>
      </symbol>
      <symbol id="sm-1a1">
         <name>WriteBlock</name>
         <value>0x9b7</value>
         <object_component_ref idref="oc-dd"/>
      </symbol>
      <symbol id="sm-1a2">
         <name>Reset</name>
         <value>0x451</value>
         <object_component_ref idref="oc-dd"/>
      </symbol>
      <symbol id="sm-1a3">
         <name>SelectTag</name>
         <value>0x821</value>
         <object_component_ref idref="oc-dd"/>
      </symbol>
      <symbol id="sm-1a4">
         <name>SetBitMask</name>
         <value>0x3d1</value>
         <object_component_ref idref="oc-dd"/>
      </symbol>
      <symbol id="sm-1a5">
         <name>Init</name>
         <value>0x45d</value>
         <object_component_ref idref="oc-dd"/>
      </symbol>
      <symbol id="sm-1a6">
         <name>AntennaOn</name>
         <value>0x425</value>
         <object_component_ref idref="oc-dd"/>
      </symbol>
      <symbol id="sm-1a7">
         <name>Anticoll</name>
         <value>0x709</value>
         <object_component_ref idref="oc-dd"/>
      </symbol>
      <symbol id="sm-1a8">
         <name>dumpHex</name>
         <value>0x2f5</value>
         <object_component_ref idref="oc-dd"/>
      </symbol>
      <symbol id="sm-1a9">
         <name>CalulateCRC</name>
         <value>0x795</value>
         <object_component_ref idref="oc-dd"/>
      </symbol>
      <symbol id="sm-1aa">
         <name>Request</name>
         <value>0x4a3</value>
         <object_component_ref idref="oc-dd"/>
      </symbol>
      <symbol id="sm-1ab">
         <name>ReadBlock</name>
         <value>0x963</value>
         <object_component_ref idref="oc-dd"/>
      </symbol>
      <symbol id="sm-1ac">
         <name>Auth</name>
         <value>0x8ab</value>
         <object_component_ref idref="oc-dd"/>
      </symbol>
      <symbol id="sm-1ad">
         <name>WriteReg</name>
         <value>0x35d</value>
         <object_component_ref idref="oc-dd"/>
      </symbol>
      <symbol id="sm-1ae">
         <name>ReadReg</name>
         <value>0x393</value>
         <object_component_ref idref="oc-dd"/>
      </symbol>
      <symbol id="sm-1af">
         <name>AntennaOff</name>
         <value>0x445</value>
         <object_component_ref idref="oc-dd"/>
      </symbol>
      <symbol id="sm-1b0">
         <name>InitSSI</name>
         <value>0x26d</value>
         <object_component_ref idref="oc-dd"/>
      </symbol>
      <symbol id="sm-1d7">
         <name>SetTimeDate</name>
         <value>0x14e7</value>
         <object_component_ref idref="oc-e9"/>
      </symbol>
      <symbol id="sm-1d8">
         <name>RTC_InitI2C</name>
         <value>0x12bd</value>
         <object_component_ref idref="oc-e9"/>
      </symbol>
      <symbol id="sm-1d9">
         <name>dec2bcd</name>
         <value>0x1449</value>
         <object_component_ref idref="oc-e9"/>
      </symbol>
      <symbol id="sm-1da">
         <name>RTC_Init</name>
         <value>0x1497</value>
         <object_component_ref idref="oc-e9"/>
      </symbol>
      <symbol id="sm-1db">
         <name>RTC_I2C_Receive</name>
         <value>0x13f1</value>
         <object_component_ref idref="oc-e9"/>
      </symbol>
      <symbol id="sm-1dc">
         <name>GetClock</name>
         <value>0x1575</value>
         <object_component_ref idref="oc-e9"/>
      </symbol>
      <symbol id="sm-1dd">
         <name>RTC_I2C_write</name>
         <value>0x1349</value>
         <object_component_ref idref="oc-e9"/>
      </symbol>
      <symbol id="sm-1de">
         <name>RTC_I2C_byte</name>
         <value>0x130b</value>
         <object_component_ref idref="oc-e9"/>
      </symbol>
      <symbol id="sm-1df">
         <name>bcd2dec</name>
         <value>0x146f</value>
         <object_component_ref idref="oc-e9"/>
      </symbol>
      <symbol id="sm-1fc">
         <name>SysTickInt</name>
         <value>0x1bd1</value>
         <object_component_ref idref="oc-d1"/>
      </symbol>
      <symbol id="sm-1fd">
         <name>millis</name>
         <value>0x200004ac</value>
         <object_component_ref idref="oc-160"/>
      </symbol>
      <symbol id="sm-1fe">
         <name>Wait</name>
         <value>0x1c3b</value>
         <object_component_ref idref="oc-d1"/>
      </symbol>
      <symbol id="sm-1ff">
         <name>TimerBegin</name>
         <value>0x1bf3</value>
         <object_component_ref idref="oc-d1"/>
      </symbol>
      <symbol id="sm-214">
         <name>InitConsole</name>
         <value>0x1b29</value>
         <object_component_ref idref="oc-d7"/>
      </symbol>
      <symbol id="sm-215">
         <name>UART_Config_UART1</name>
         <value>0x1b65</value>
         <object_component_ref idref="oc-d7"/>
      </symbol>
      <symbol id="sm-26f">
         <name>GPIOPinConfigure</name>
         <value>0x2105</value>
         <object_component_ref idref="oc-165"/>
      </symbol>
      <symbol id="sm-270">
         <name>GPIOPinTypeI2CSCL</name>
         <value>0x237f</value>
         <object_component_ref idref="oc-1c1"/>
      </symbol>
      <symbol id="sm-271">
         <name>GPIOPinTypeI2C</name>
         <value>0x236d</value>
         <object_component_ref idref="oc-1c7"/>
      </symbol>
      <symbol id="sm-272">
         <name>GPIOPinTypeUART</name>
         <value>0x23a3</value>
         <object_component_ref idref="oc-171"/>
      </symbol>
      <symbol id="sm-273">
         <name>GPIOPinTypeGPIOOutput</name>
         <value>0x22fd</value>
         <object_component_ref idref="oc-190"/>
      </symbol>
      <symbol id="sm-274">
         <name>GPIODirModeSet</name>
         <value>0x22b1</value>
         <object_component_ref idref="oc-25e"/>
      </symbol>
      <symbol id="sm-275">
         <name>GPIOPinWrite</name>
         <value>0x2475</value>
         <object_component_ref idref="oc-ef"/>
      </symbol>
      <symbol id="sm-276">
         <name>GPIOPadConfigSet</name>
         <value>0x17f1</value>
         <object_component_ref idref="oc-264"/>
      </symbol>
      <symbol id="sm-277">
         <name>GPIOPinTypeSSI</name>
         <value>0x2391</value>
         <object_component_ref idref="oc-18a"/>
      </symbol>
      <symbol id="sm-2b8">
         <name>I2CMasterDataPut</name>
         <value>0x248f</value>
         <object_component_ref idref="oc-1df"/>
      </symbol>
      <symbol id="sm-2b9">
         <name>I2CMasterInitExpClk</name>
         <value>0x2021</value>
         <object_component_ref idref="oc-1cd"/>
      </symbol>
      <symbol id="sm-2ba">
         <name>I2CMasterSlaveAddrSet</name>
         <value>0x245d</value>
         <object_component_ref idref="oc-1d9"/>
      </symbol>
      <symbol id="sm-2bb">
         <name>I2CMasterDataGet</name>
         <value>0x248b</value>
         <object_component_ref idref="oc-1fc"/>
      </symbol>
      <symbol id="sm-2bc">
         <name>I2CMasterControl</name>
         <value>0x2487</value>
         <object_component_ref idref="oc-1eb"/>
      </symbol>
      <symbol id="sm-2bd">
         <name>I2CMasterBusy</name>
         <value>0x2455</value>
         <object_component_ref idref="oc-1e5"/>
      </symbol>
      <symbol id="sm-2be">
         <name>I2CMasterEnable</name>
         <value>0x2419</value>
         <object_component_ref idref="oc-1d3"/>
      </symbol>
      <symbol id="sm-2f7">
         <name>IntEnable</name>
         <value>0x1df9</value>
         <object_component_ref idref="oc-24c"/>
      </symbol>
      <symbol id="sm-2f8">
         <name>IntRegister</name>
         <value>0x2249</value>
         <object_component_ref idref="oc-246"/>
      </symbol>
      <symbol id="sm-2f9">
         <name>g_pfnRAMVectors</name>
         <value>0x20000000</value>
         <object_component_ref idref="oc-2b4"/>
      </symbol>
      <symbol id="sm-332">
         <name>SSIDataPut</name>
         <value>0x2423</value>
         <object_component_ref idref="oc-1a8"/>
      </symbol>
      <symbol id="sm-333">
         <name>SSIDataGet</name>
         <value>0x23f5</value>
         <object_component_ref idref="oc-1b4"/>
      </symbol>
      <symbol id="sm-334">
         <name>SSIDataGetNonBlocking</name>
         <value>0x23b5</value>
         <object_component_ref idref="oc-1a2"/>
      </symbol>
      <symbol id="sm-335">
         <name>SSIConfigSetExpClk</name>
         <value>0x21d3</value>
         <object_component_ref idref="oc-196"/>
      </symbol>
      <symbol id="sm-336">
         <name>SSIEnable</name>
         <value>0x242d</value>
         <object_component_ref idref="oc-19c"/>
      </symbol>
      <symbol id="sm-337">
         <name>SSIBusy</name>
         <value>0x2465</value>
         <object_component_ref idref="oc-1ae"/>
      </symbol>
      <symbol id="sm-3a0">
         <name>SysCtlPeripheralPresent</name>
         <value>0x2211</value>
         <object_component_ref idref="oc-206"/>
      </symbol>
      <symbol id="sm-3a1">
         <name>SysCtlClockSet</name>
         <value>0x1a35</value>
         <object_component_ref idref="oc-cb"/>
      </symbol>
      <symbol id="sm-3a2">
         <name>SysCtlDelay</name>
         <value>0x247b</value>
         <object_component_ref idref="oc-12d"/>
      </symbol>
      <symbol id="sm-3a3">
         <name>SysCtlPeripheralEnable</name>
         <value>0x227d</value>
         <object_component_ref idref="oc-13c"/>
      </symbol>
      <symbol id="sm-3a4">
         <name>SysCtlClockGet</name>
         <value>0x1925</value>
         <object_component_ref idref="oc-177"/>
      </symbol>
      <symbol id="sm-3a5">
         <name>SysCtlPeripheralReset</name>
         <value>0x1fd1</value>
         <object_component_ref idref="oc-1f6"/>
      </symbol>
      <symbol id="sm-408">
         <name>TimerLoadSet</name>
         <value>0x23c7</value>
         <object_component_ref idref="oc-148"/>
      </symbol>
      <symbol id="sm-409">
         <name>TimerIntRegister</name>
         <value>0x2315</value>
         <object_component_ref idref="oc-14e"/>
      </symbol>
      <symbol id="sm-40a">
         <name>TimerEnable</name>
         <value>0x23d9</value>
         <object_component_ref idref="oc-15a"/>
      </symbol>
      <symbol id="sm-40b">
         <name>TimerIntStatus</name>
         <value>0x2437</value>
         <object_component_ref idref="oc-130"/>
      </symbol>
      <symbol id="sm-40c">
         <name>TimerIntEnable</name>
         <value>0x246d</value>
         <object_component_ref idref="oc-154"/>
      </symbol>
      <symbol id="sm-40d">
         <name>TimerConfigure</name>
         <value>0x1ec9</value>
         <object_component_ref idref="oc-142"/>
      </symbol>
      <symbol id="sm-40e">
         <name>TimerIntClear</name>
         <value>0x2493</value>
         <object_component_ref idref="oc-136"/>
      </symbol>
      <symbol id="sm-449">
         <name>UARTConfigSetExpClk</name>
         <value>0x214d</value>
         <object_component_ref idref="oc-17d"/>
      </symbol>
      <symbol id="sm-44a">
         <name>UARTDisable</name>
         <value>0x22dd</value>
         <object_component_ref idref="oc-26f"/>
      </symbol>
      <symbol id="sm-44b">
         <name>UARTClockSourceSet</name>
         <value>0x2481</value>
         <object_component_ref idref="oc-16b"/>
      </symbol>
      <symbol id="sm-44c">
         <name>UARTCharPut</name>
         <value>0x244b</value>
         <object_component_ref idref="oc-fb"/>
      </symbol>
      <symbol id="sm-44d">
         <name>UARTEnable</name>
         <value>0x2345</value>
         <object_component_ref idref="oc-183"/>
      </symbol>
      <symbol id="sm-44e">
         <name>UARTCharGet</name>
         <value>0x2441</value>
         <object_component_ref idref="oc-20c"/>
      </symbol>
      <symbol id="sm-460">
         <name>_c_int00</name>
         <value>0x1f29</value>
         <object_component_ref idref="oc-24"/>
      </symbol>
      <symbol id="sm-461">
         <name>__stack</name>
         <value>0x2000026c</value>
         <object_component_ref idref="oc-2a"/>
      </symbol>
      <symbol id="sm-47f">
         <name>__TI_decompress_lzss</name>
         <value>0x1e61</value>
         <object_component_ref idref="oc-12"/>
      </symbol>
      <symbol id="sm-496">
         <name>__TI_decompress_none</name>
         <value>0x23e7</value>
         <object_component_ref idref="oc-18"/>
      </symbol>
      <symbol id="sm-4a8">
         <name>__TI_zero_init</name>
         <value>0x2401</value>
         <object_component_ref idref="oc-1e"/>
      </symbol>
      <symbol id="sm-4c9">
         <name>C$$EXIT</name>
         <value>0x1f7d</value>
         <object_component_ref idref="oc-6f"/>
      </symbol>
      <symbol id="sm-4ca">
         <name>abort</name>
         <value>0x1f81</value>
         <object_component_ref idref="oc-6f"/>
      </symbol>
      <symbol id="sm-4cb">
         <name>exit</name>
         <value>0x1f89</value>
         <object_component_ref idref="oc-6f"/>
      </symbol>
      <symbol id="sm-4cc">
         <name>__TI_dtors_ptr</name>
         <value>0x20000490</value>
         <object_component_ref idref="oc-af"/>
      </symbol>
      <symbol id="sm-4cd">
         <name>__TI_cleanup_ptr</name>
         <value>0x2000048c</value>
         <object_component_ref idref="oc-af"/>
      </symbol>
      <symbol id="sm-4ce">
         <name>__TI_enable_exit_profile_output</name>
         <value>0x20000494</value>
         <object_component_ref idref="oc-af"/>
      </symbol>
      <symbol id="sm-4e9">
         <name>memcpy</name>
         <value>0x1c71</value>
         <object_component_ref idref="oc-3f"/>
      </symbol>
      <symbol id="sm-4ea">
         <name>__aeabi_memcpy</name>
         <value>0x1c71</value>
         <object_component_ref idref="oc-3f"/>
      </symbol>
      <symbol id="sm-4eb">
         <name>__aeabi_memcpy8</name>
         <value>0x1c71</value>
         <object_component_ref idref="oc-3f"/>
      </symbol>
      <symbol id="sm-4ec">
         <name>__aeabi_memcpy4</name>
         <value>0x1c71</value>
         <object_component_ref idref="oc-3f"/>
      </symbol>
      <symbol id="sm-4fb">
         <name>__aeabi_memset</name>
         <value>0x1d0f</value>
         <object_component_ref idref="oc-4b"/>
      </symbol>
      <symbol id="sm-4fc">
         <name>memset</name>
         <value>0x1d15</value>
         <object_component_ref idref="oc-4b"/>
      </symbol>
      <symbol id="sm-4fd">
         <name>__aeabi_memset8</name>
         <value>0x1d0f</value>
         <object_component_ref idref="oc-4b"/>
      </symbol>
      <symbol id="sm-4fe">
         <name>__aeabi_memset4</name>
         <value>0x1d0f</value>
         <object_component_ref idref="oc-4b"/>
      </symbol>
      <symbol id="sm-4ff">
         <name>__aeabi_memclr8</name>
         <value>0x1d0d</value>
         <object_component_ref idref="oc-4b"/>
      </symbol>
      <symbol id="sm-500">
         <name>__aeabi_memclr4</name>
         <value>0x1d0d</value>
         <object_component_ref idref="oc-4b"/>
      </symbol>
      <symbol id="sm-501">
         <name>__aeabi_memclr</name>
         <value>0x1d0d</value>
         <object_component_ref idref="oc-4b"/>
      </symbol>
      <symbol id="sm-50b">
         <name>__mpu_init</name>
         <value>0x1923</value>
         <object_component_ref idref="oc-57"/>
      </symbol>
      <symbol id="sm-515">
         <name>_system_pre_init</name>
         <value>0x2497</value>
         <object_component_ref idref="oc-5d"/>
      </symbol>
      <symbol id="sm-51d">
         <name>main_func_sp</name>
         <value>0x200004a8</value>
         <object_component_ref idref="oc-75"/>
      </symbol>
      <symbol id="sm-52c">
         <name>__aeabi_uidivmod</name>
         <value>0x2193</value>
         <object_component_ref idref="oc-21b"/>
      </symbol>
      <symbol id="sm-52d">
         <name>__aeabi_uidiv</name>
         <value>0x2193</value>
         <object_component_ref idref="oc-21b"/>
      </symbol>
      <symbol id="sm-546">
         <name>_nop</name>
         <value>0x2367</value>
         <object_component_ref idref="oc-115"/>
      </symbol>
      <symbol id="sm-547">
         <name>_lock</name>
         <value>0x20000498</value>
         <object_component_ref idref="oc-b2"/>
      </symbol>
      <symbol id="sm-548">
         <name>_unlock</name>
         <value>0x2000049c</value>
         <object_component_ref idref="oc-b2"/>
      </symbol>
      <symbol id="sm-549">
         <name>_register_lock</name>
         <value>0x235f</value>
         <object_component_ref idref="oc-115"/>
      </symbol>
      <symbol id="sm-54a">
         <name>_register_unlock</name>
         <value>0x2359</value>
         <object_component_ref idref="oc-115"/>
      </symbol>
      <symbol id="sm-55e">
         <name>_args_main</name>
         <value>0x232d</value>
         <object_component_ref idref="oc-69"/>
      </symbol>
      <symbol id="sm-588">
         <name>__TI_auto_init</name>
         <value>0x1d89</value>
         <object_component_ref idref="oc-63"/>
      </symbol>
      <symbol id="sm-5a2">
         <name>copy_in</name>
         <value>0x20b9</value>
         <object_component_ref idref="oc-99"/>
      </symbol>
      <symbol id="sm-5ac">
         <name>__aeabi_idiv0</name>
         <value>0xac3</value>
         <object_component_ref idref="oc-29d"/>
      </symbol>
      <symbol id="sm-5b6">
         <name>_system_post_cinit</name>
         <value>0x1d87</value>
         <object_component_ref idref="oc-9f"/>
      </symbol>
      <symbol id="sm-5b7">
         <name>__TI_static_base__</name>
         <value>0x0</value>
      </symbol>
      <symbol id="sm-5ba">
         <name>SHT$$INIT_ARRAY$$Limit</name>
         <value>0x0</value>
      </symbol>
      <symbol id="sm-5bb">
         <name>SHT$$INIT_ARRAY$$Base</name>
         <value>0x0</value>
      </symbol>
   </symbol_table>
   <title>Link successful</title>
</link_info>
