******************************************************************************
                  TI ARM Linker PC v16.9.6                     
******************************************************************************
>> Linked Tue May 21 19:40:10 2019

OUTPUT FILE NAME:   <nhung.out>
ENTRY POINT SYMBOL: "_c_int00"  address: 00001f29


MEMORY CONFIGURATION

         name            origin    length      used     unused   attr    fill
----------------------  --------  ---------  --------  --------  ----  --------
  FLASH                 00000000   00040000  00002726  0003d8da  R  X
  SRAM                  20000000   00008000  000004cb  00007b35  RW X


SEGMENT ALLOCATION MAP

run origin  load origin   length   init length attrs members
----------  ----------- ---------- ----------- ----- -------
00000000    00000000    00002728   00002728    r-x
  00000000    00000000    0000026c   0000026c    r-- .intvecs
  0000026c    0000026c    0000222e   0000222e    r-x .text
  0000249c    0000249c    0000023c   0000023c    r-- .const
  000026d8    000026d8    00000050   00000050    r-- .cinit
20000000    20000000    000004cb   00000000    rw-
  20000000    20000000    0000026c   00000000    rw- .vtable
  2000026c    2000026c    00000200   00000000    rw- .stack
  2000046c    2000046c    00000044   00000000    rw- .data
  200004b0    200004b0    0000001b   00000000    rw- .bss


SECTION ALLOCATION MAP

 output                                  attributes/
section   page    origin      length       input sections
--------  ----  ----------  ----------   ----------------
.intvecs   0    00000000    0000026c     
                  00000000    0000026c     tm4c123gh6pm_startup_ccs.obj (.intvecs)

.text      0    0000026c    0000222e     
                  0000026c    00000856     Mfrc522.obj (.text)
                  00000ac2    00000002     rtsv7M4_T_le_v4SPD16_eabi.lib : i_div0.obj (.text)
                  00000ac4    0000049c     uartstdio.obj (.text)
                  00000f60    0000035c     lcd_i2c.obj (.text)
                  000012bc    000002ec     RTC.obj (.text)
                  000015a8    00000248     main.obj (.text)
                  000017f0    00000132     driverlib.lib : gpio.obj (.text:GPIOPadConfigSet)
                  00001922    00000002     rtsv7M4_T_le_v4SPD16_eabi.lib : mpu_init.obj (.text)
                  00001924    00000110     driverlib.lib : sysctl.obj (.text:SysCtlClockGet)
                  00001a34    000000f4                   : sysctl.obj (.text:SysCtlClockSet)
                  00001b28    000000a8     UART.obj (.text)
                  00001bd0    000000a0     timer.obj (.text)
                  00001c70    0000009c     rtsv7M4_T_le_v4SPD16_eabi.lib : memcpy_t2.obj (.text)
                  00001d0c    0000007a                                   : memset_t2.obj (.text)
                  00001d86    00000002                                   : startup.obj (.text)
                  00001d88    00000070                                   : autoinit.obj (.text)
                  00001df8    00000068     driverlib.lib : interrupt.obj (.text:IntEnable)
                  00001e60    00000068     rtsv7M4_T_le_v4SPD16_eabi.lib : copy_decompress_lzss.obj (.text:decompress:lzss)
                  00001ec8    00000060     driverlib.lib : timer.obj (.text:TimerConfigure)
                  00001f28    00000054     rtsv7M4_T_le_v4SPD16_eabi.lib : boot.obj (.text)
                  00001f7c    00000054                                   : exit.obj (.text)
                  00001fd0    00000050     driverlib.lib : sysctl.obj (.text:SysCtlPeripheralReset)
                  00002020    0000004c                   : i2c.obj (.text:I2CMasterInitExpClk)
                  0000206c    0000004c                   : timer.obj (.text:_TimerIntNumberGet)
                  000020b8    0000004c     rtsv7M4_T_le_v4SPD16_eabi.lib : cpy_tbl.obj (.text)
                  00002104    00000048     driverlib.lib : gpio.obj (.text:GPIOPinConfigure)
                  0000214c    00000046                   : uart.obj (.text:UARTConfigSetExpClk)
                  00002192    00000040     rtsv7M4_T_le_v4SPD16_eabi.lib : u_divt2.obj (.text)
                  000021d2    0000003c     driverlib.lib : ssi.obj (.text:SSIConfigSetExpClk)
                  0000220e    00000002     --HOLE-- [fill = 0]
                  00002210    00000038                   : sysctl.obj (.text:SysCtlPeripheralPresent)
                  00002248    00000034                   : interrupt.obj (.text:IntRegister)
                  0000227c    00000034                   : sysctl.obj (.text:SysCtlPeripheralEnable)
                  000022b0    0000002a                   : gpio.obj (.text:GPIODirModeSet)
                  000022da    00000002     --HOLE-- [fill = 0]
                  000022dc    00000020                   : uart.obj (.text:UARTDisable)
                  000022fc    00000018                   : gpio.obj (.text:GPIOPinTypeGPIOOutput)
                  00002314    00000018                   : timer.obj (.text:TimerIntRegister)
                  0000232c    00000018     rtsv7M4_T_le_v4SPD16_eabi.lib : args_main.obj (.text)
                  00002344    00000014     driverlib.lib : uart.obj (.text:UARTEnable)
                  00002358    00000014     rtsv7M4_T_le_v4SPD16_eabi.lib : _lock.obj (.text)
                  0000236c    00000012     driverlib.lib : gpio.obj (.text:GPIOPinTypeI2C)
                  0000237e    00000012                   : gpio.obj (.text:GPIOPinTypeI2CSCL)
                  00002390    00000012                   : gpio.obj (.text:GPIOPinTypeSSI)
                  000023a2    00000012                   : gpio.obj (.text:GPIOPinTypeUART)
                  000023b4    00000012                   : ssi.obj (.text:SSIDataGetNonBlocking)
                  000023c6    00000012                   : timer.obj (.text:TimerLoadSet)
                  000023d8    0000000e                   : timer.obj (.text:TimerEnable)
                  000023e6    0000000e     rtsv7M4_T_le_v4SPD16_eabi.lib : copy_decompress_none.obj (.text:decompress:none)
                  000023f4    0000000c     driverlib.lib : ssi.obj (.text:SSIDataGet)
                  00002400    0000000c     rtsv7M4_T_le_v4SPD16_eabi.lib : copy_zero_init.obj (.text:decompress:ZI)
                  0000240c    0000000c     tm4c123gh6pm_startup_ccs.obj (.text)
                  00002418    0000000a     driverlib.lib : i2c.obj (.text:I2CMasterEnable)
                  00002422    0000000a                   : ssi.obj (.text:SSIDataPut)
                  0000242c    0000000a                   : ssi.obj (.text:SSIEnable)
                  00002436    0000000a                   : timer.obj (.text:TimerIntStatus)
                  00002440    0000000a                   : uart.obj (.text:UARTCharGet)
                  0000244a    0000000a                   : uart.obj (.text:UARTCharPut)
                  00002454    00000008                   : i2c.obj (.text:I2CMasterBusy)
                  0000245c    00000008                   : i2c.obj (.text:I2CMasterSlaveAddrSet)
                  00002464    00000008                   : ssi.obj (.text:SSIBusy)
                  0000246c    00000008                   : timer.obj (.text:TimerIntEnable)
                  00002474    00000006                   : gpio.obj (.text:GPIOPinWrite)
                  0000247a    00000006                   : sysctl.obj (.text:SysCtlDelay)
                  00002480    00000006                   : uart.obj (.text:UARTClockSourceSet)
                  00002486    00000004                   : i2c.obj (.text:I2CMasterControl)
                  0000248a    00000004                   : i2c.obj (.text:I2CMasterDataGet)
                  0000248e    00000004                   : i2c.obj (.text:I2CMasterDataPut)
                  00002492    00000004                   : timer.obj (.text:TimerIntClear)
                  00002496    00000004     rtsv7M4_T_le_v4SPD16_eabi.lib : pre_init.obj (.text)

.const     0    0000249c    0000023c     
                  0000249c    00000090     driverlib.lib : gpio.obj (.const:g_pui32GPIOBaseAddrs)
                  0000252c    00000070                   : interrupt.obj (.const)
                  0000259c    0000006c                   : sysctl.obj (.const:g_pui32Xtals)
                  00002608    00000060                   : timer.obj (.const:g_ppui32TimerIntMap)
                  00002668    00000040                   : timer.obj (.const:g_ppui32TimerIntMapSnowflake)
                  000026a8    00000012     uartstdio.obj (.const:.string)
                  000026ba    00000002     --HOLE-- [fill = 0]
                  000026bc    0000000c     uartstdio.obj (.const:g_ui32UARTBase)
                  000026c8    0000000c     uartstdio.obj (.const:g_ui32UARTPeriph)
                  000026d4    00000004     uartstdio.obj (.const)

.cinit     0    000026d8    00000050     
                  000026d8    0000001c     (.cinit..data.load) [load image, compression = lzss]
                  000026f4    0000000c     (__TI_handler_table)
                  00002700    00000008     (.cinit..bss.load) [load image, compression = zero_init]
                  00002708    00000008     (.cinit..vtable.load) [load image, compression = zero_init]
                  00002710    00000018     (__TI_cinit_table)

.init_array 
*          0    00000000    00000000     UNINITIALIZED

.vtable    0    20000000    0000026c     UNINITIALIZED
                  20000000    0000026c     driverlib.lib : interrupt.obj (.vtable)

.stack     0    2000026c    00000200     UNINITIALIZED
                  2000026c    00000200     --HOLE--

.data      0    2000046c    00000044     UNINITIALIZED
                  2000046c    0000001e     main.obj (.data:title)
                  2000048a    00000001     lcd_i2c.obj (.data)
                  2000048b    00000001     --HOLE--
                  2000048c    0000000c     rtsv7M4_T_le_v4SPD16_eabi.lib : exit.obj (.data:$O1$$)
                  20000498    00000008                                   : _lock.obj (.data:$O1$$)
                  200004a0    00000005     uartstdio.obj (.data)
                  200004a5    00000003     --HOLE--
                  200004a8    00000004     rtsv7M4_T_le_v4SPD16_eabi.lib : stkdepth_vars.obj (.data)
                  200004ac    00000004     timer.obj (.data)

.bss       0    200004b0    0000001b     UNINITIALIZED
                  200004b0    00000010     (.common:str)
                  200004c0    00000008     (.common:cardID)
                  200004c8    00000001     (.common:AntennaGain)
                  200004c9    00000001     (.common:Version)
                  200004ca    00000001     (.common:status)

MODULE SUMMARY

       Module                         code   ro data   rw data
       ------                         ----   -------   -------
    .\
       uartstdio.obj                  1180   46        5      
       main.obj                       584    0         57     
       tm4c123gh6pm_startup_ccs.obj   12     620       0      
    +--+------------------------------+------+---------+---------+
       Total:                         1776   666       62     
                                                              
    .\LCD\
       lcd_i2c.obj                    860    0         1      
    +--+------------------------------+------+---------+---------+
       Total:                         860    0         1      
                                                              
    .\LIB\
       Mfrc522.obj                    2134   0         0      
    +--+------------------------------+------+---------+---------+
       Total:                         2134   0         0      
                                                              
    .\RTC\
       RTC.obj                        748    0         0      
    +--+------------------------------+------+---------+---------+
       Total:                         748    0         0      
                                                              
    .\TIMER\
       timer.obj                      160    0         4      
    +--+------------------------------+------+---------+---------+
       Total:                         160    0         4      
                                                              
    .\UART\
       UART.obj                       168    0         0      
    +--+------------------------------+------+---------+---------+
       Total:                         168    0         0      
                                                              
    C:/ti/TivaWare/driverlib/ccs/Debug/driverlib.lib
       interrupt.obj                  156    112       620    
       sysctl.obj                     710    108       0      
       gpio.obj                       522    144       0      
       timer.obj                      250    160       0      
       uart.obj                       148    0         0      
       ssi.obj                        118    0         0      
       i2c.obj                        114    0         0      
    +--+------------------------------+------+---------+---------+
       Total:                         2018   524       620    
                                                              
    C:\ti\ccsv7\tools\compiler\ti-cgt-arm_16.9.6.LTS\lib\rtsv7M4_T_le_v4SPD16_eabi.lib
       memcpy_t2.obj                  156    0         0      
       memset_t2.obj                  122    0         0      
       autoinit.obj                   112    0         0      
       copy_decompress_lzss.obj       104    0         0      
       exit.obj                       84     0         12     
       boot.obj                       84     0         0      
       cpy_tbl.obj                    76     0         0      
       u_divt2.obj                    64     0         0      
       _lock.obj                      20     0         8      
       args_main.obj                  24     0         0      
       copy_decompress_none.obj       14     0         0      
       copy_zero_init.obj             12     0         0      
       pre_init.obj                   4      0         0      
       stkdepth_vars.obj              0      0         4      
       i_div0.obj                     2      0         0      
       mpu_init.obj                   2      0         0      
       startup.obj                    2      0         0      
    +--+------------------------------+------+---------+---------+
       Total:                         882    0         24     
                                                              
       Stack:                         0      0         512    
       Linker Generated:              0      80        0      
    +--+------------------------------+------+---------+---------+
       Grand Total:                   8746   1270      1223   


LINKER GENERATED COPY TABLES

__TI_cinit_table @ 00002710 records: 3, size/record: 8, table size: 24
	.data: load addr=000026d8, load size=0000001c bytes, run addr=2000046c, run size=00000044 bytes, compression=lzss
	.bss: load addr=00002700, load size=00000008 bytes, run addr=200004b0, run size=0000001b bytes, compression=zero_init
	.vtable: load addr=00002708, load size=00000008 bytes, run addr=20000000, run size=0000026c bytes, compression=zero_init


LINKER GENERATED HANDLER TABLE

__TI_handler_table @ 000026f4 records: 3, size/record: 4, table size: 12
	index: 0, handler: __TI_zero_init
	index: 1, handler: __TI_decompress_lzss
	index: 2, handler: __TI_decompress_none


GLOBAL SYMBOLS: SORTED ALPHABETICALLY BY Name 

address   name                           
-------   ----                           
200004c8  AntennaGain                    
00000445  AntennaOff                     
00000425  AntennaOn                      
00000709  Anticoll                       
000008ab  Auth                           
00001f7d  C$$EXIT                        
00000795  CalulateCRC                    
000003fb  ClearBitMask                   
000022b1  GPIODirModeSet                 
000017f1  GPIOPadConfigSet               
00002105  GPIOPinConfigure               
000022fd  GPIOPinTypeGPIOOutput          
0000236d  GPIOPinTypeI2C                 
0000237f  GPIOPinTypeI2CSCL              
00002391  GPIOPinTypeSSI                 
000023a3  GPIOPinTypeUART                
00002475  GPIOPinWrite                   
00001575  GetClock                       
00000a8d  Halt                           
00002455  I2CMasterBusy                  
00002487  I2CMasterControl               
0000248b  I2CMasterDataGet               
0000248f  I2CMasterDataPut               
00002419  I2CMasterEnable                
00002021  I2CMasterInitExpClk            
0000245d  I2CMasterSlaveAddrSet          
00000fa7  I2C_byte                       
00000fe5  I2C_write                      
0000045d  Init                           
00001b29  InitConsole                    
0000026d  InitSSI                        
00001df9  IntEnable                      
00002249  IntRegister                    
0000126d  LCD_Puts                       
0000118b  Lcd_Goto                       
0000108d  Lcd_write                      
0000124b  Lcd_write_char                 
000013f1  RTC_I2C_Receive                
0000130b  RTC_I2C_byte                   
00001349  RTC_I2C_write                  
00001497  RTC_Init                       
000012bd  RTC_InitI2C                    
00000963  ReadBlock                      
00000393  ReadReg                        
000004a3  Request                        
00000451  Reset                          
0000240d  ResetISR                       
UNDEFED   SHT$$INIT_ARRAY$$Base          
UNDEFED   SHT$$INIT_ARRAY$$Limit         
0000032f  SPI_transfer                   
00002465  SSIBusy                        
000021d3  SSIConfigSetExpClk             
000023f5  SSIDataGet                     
000023b5  SSIDataGetNonBlocking          
00002423  SSIDataPut                     
0000242d  SSIEnable                      
00000821  SelectTag                      
000003d1  SetBitMask                     
000014e7  SetTimeDate                    
00001925  SysCtlClockGet                 
00001a35  SysCtlClockSet                 
0000247b  SysCtlDelay                    
0000227d  SysCtlPeripheralEnable         
00002211  SysCtlPeripheralPresent        
00001fd1  SysCtlPeripheralReset          
00001bd1  SysTickInt                     
00001bf3  TimerBegin                     
00001ec9  TimerConfigure                 
000023d9  TimerEnable                    
00002493  TimerIntClear                  
0000246d  TimerIntEnable                 
00002315  TimerIntRegister               
00002437  TimerIntStatus                 
000023c7  TimerLoadSet                   
00000555  ToCard                         
00002441  UARTCharGet                    
0000244b  UARTCharPut                    
00002481  UARTClockSourceSet             
0000214d  UARTConfigSetExpClk            
000022dd  UARTDisable                    
00002345  UARTEnable                     
00000ac5  UARTStdioConfig                
00001b65  UART_Config_UART1              
00000c0b  UARTgetc                       
00000b51  UARTgets                       
00000f2b  UARTprintf                     
00000c31  UARTvprintf                    
00000b0b  UARTwrite                      
200004c9  Version                        
00001c3b  Wait                           
000009b7  WriteBlock                     
0000035d  WriteReg                       
2000046c  __STACK_END                    
00000200  __STACK_SIZE                   
2000046c  __STACK_TOP                    
00002710  __TI_CINIT_Base                
00002728  __TI_CINIT_Limit               
000026f4  __TI_Handler_Table_Base        
00002700  __TI_Handler_Table_Limit       
00001d89  __TI_auto_init                 
2000048c  __TI_cleanup_ptr               
00001e61  __TI_decompress_lzss           
000023e7  __TI_decompress_none           
20000490  __TI_dtors_ptr                 
20000494  __TI_enable_exit_profile_output
ffffffff  __TI_pprof_out_hndl            
ffffffff  __TI_prof_data_size            
ffffffff  __TI_prof_data_start           
00000000  __TI_static_base__             
00002401  __TI_zero_init                 
00000ac3  __aeabi_idiv0                  
00001d0d  __aeabi_memclr                 
00001d0d  __aeabi_memclr4                
00001d0d  __aeabi_memclr8                
00001c71  __aeabi_memcpy                 
00001c71  __aeabi_memcpy4                
00001c71  __aeabi_memcpy8                
00001d0f  __aeabi_memset                 
00001d0f  __aeabi_memset4                
00001d0f  __aeabi_memset8                
00002193  __aeabi_uidiv                  
00002193  __aeabi_uidivmod               
ffffffff  __binit__                      
ffffffff  __c_args__                     
00001923  __mpu_init                     
2000026c  __stack                        
0000232d  _args_main                     
00001f29  _c_int00                       
20000498  _lock                          
00002367  _nop                           
0000235f  _register_lock                 
00002359  _register_unlock               
00001d87  _system_post_cinit             
00002497  _system_pre_init               
2000049c  _unlock                        
00001f81  abort                          
2000048a  addr                           
0000146f  bcd2dec                        
ffffffff  binit                          
200004c0  cardID                         
00001235  clear                          
000020b9  copy_in                        
00001449  dec2bcd                        
000002f5  dumpHex                        
00001f89  exit                           
20000000  g_pfnRAMVectors                
00000000  g_pfnVectors                   
00000f61  initI2C                        
000002e3  initLeds                       
000011bf  lcd_init                       
000015a9  main                           
200004a8  main_func_sp                   
00001c71  memcpy                         
00001d15  memset                         
200004ac  millis                         
200004ca  status                         
200004b0  str                            
2000046c  title                          


GLOBAL SYMBOLS: SORTED BY Symbol Address 

address   name                           
-------   ----                           
00000000  __TI_static_base__             
00000000  g_pfnVectors                   
00000200  __STACK_SIZE                   
0000026d  InitSSI                        
000002e3  initLeds                       
000002f5  dumpHex                        
0000032f  SPI_transfer                   
0000035d  WriteReg                       
00000393  ReadReg                        
000003d1  SetBitMask                     
000003fb  ClearBitMask                   
00000425  AntennaOn                      
00000445  AntennaOff                     
00000451  Reset                          
0000045d  Init                           
000004a3  Request                        
00000555  ToCard                         
00000709  Anticoll                       
00000795  CalulateCRC                    
00000821  SelectTag                      
000008ab  Auth                           
00000963  ReadBlock                      
000009b7  WriteBlock                     
00000a8d  Halt                           
00000ac3  __aeabi_idiv0                  
00000ac5  UARTStdioConfig                
00000b0b  UARTwrite                      
00000b51  UARTgets                       
00000c0b  UARTgetc                       
00000c31  UARTvprintf                    
00000f2b  UARTprintf                     
00000f61  initI2C                        
00000fa7  I2C_byte                       
00000fe5  I2C_write                      
0000108d  Lcd_write                      
0000118b  Lcd_Goto                       
000011bf  lcd_init                       
00001235  clear                          
0000124b  Lcd_write_char                 
0000126d  LCD_Puts                       
000012bd  RTC_InitI2C                    
0000130b  RTC_I2C_byte                   
00001349  RTC_I2C_write                  
000013f1  RTC_I2C_Receive                
00001449  dec2bcd                        
0000146f  bcd2dec                        
00001497  RTC_Init                       
000014e7  SetTimeDate                    
00001575  GetClock                       
000015a9  main                           
000017f1  GPIOPadConfigSet               
00001923  __mpu_init                     
00001925  SysCtlClockGet                 
00001a35  SysCtlClockSet                 
00001b29  InitConsole                    
00001b65  UART_Config_UART1              
00001bd1  SysTickInt                     
00001bf3  TimerBegin                     
00001c3b  Wait                           
00001c71  __aeabi_memcpy                 
00001c71  __aeabi_memcpy4                
00001c71  __aeabi_memcpy8                
00001c71  memcpy                         
00001d0d  __aeabi_memclr                 
00001d0d  __aeabi_memclr4                
00001d0d  __aeabi_memclr8                
00001d0f  __aeabi_memset                 
00001d0f  __aeabi_memset4                
00001d0f  __aeabi_memset8                
00001d15  memset                         
00001d87  _system_post_cinit             
00001d89  __TI_auto_init                 
00001df9  IntEnable                      
00001e61  __TI_decompress_lzss           
00001ec9  TimerConfigure                 
00001f29  _c_int00                       
00001f7d  C$$EXIT                        
00001f81  abort                          
00001f89  exit                           
00001fd1  SysCtlPeripheralReset          
00002021  I2CMasterInitExpClk            
000020b9  copy_in                        
00002105  GPIOPinConfigure               
0000214d  UARTConfigSetExpClk            
00002193  __aeabi_uidiv                  
00002193  __aeabi_uidivmod               
000021d3  SSIConfigSetExpClk             
00002211  SysCtlPeripheralPresent        
00002249  IntRegister                    
0000227d  SysCtlPeripheralEnable         
000022b1  GPIODirModeSet                 
000022dd  UARTDisable                    
000022fd  GPIOPinTypeGPIOOutput          
00002315  TimerIntRegister               
0000232d  _args_main                     
00002345  UARTEnable                     
00002359  _register_unlock               
0000235f  _register_lock                 
00002367  _nop                           
0000236d  GPIOPinTypeI2C                 
0000237f  GPIOPinTypeI2CSCL              
00002391  GPIOPinTypeSSI                 
000023a3  GPIOPinTypeUART                
000023b5  SSIDataGetNonBlocking          
000023c7  TimerLoadSet                   
000023d9  TimerEnable                    
000023e7  __TI_decompress_none           
000023f5  SSIDataGet                     
00002401  __TI_zero_init                 
0000240d  ResetISR                       
00002419  I2CMasterEnable                
00002423  SSIDataPut                     
0000242d  SSIEnable                      
00002437  TimerIntStatus                 
00002441  UARTCharGet                    
0000244b  UARTCharPut                    
00002455  I2CMasterBusy                  
0000245d  I2CMasterSlaveAddrSet          
00002465  SSIBusy                        
0000246d  TimerIntEnable                 
00002475  GPIOPinWrite                   
0000247b  SysCtlDelay                    
00002481  UARTClockSourceSet             
00002487  I2CMasterControl               
0000248b  I2CMasterDataGet               
0000248f  I2CMasterDataPut               
00002493  TimerIntClear                  
00002497  _system_pre_init               
000026f4  __TI_Handler_Table_Base        
00002700  __TI_Handler_Table_Limit       
00002710  __TI_CINIT_Base                
00002728  __TI_CINIT_Limit               
20000000  g_pfnRAMVectors                
2000026c  __stack                        
2000046c  __STACK_END                    
2000046c  __STACK_TOP                    
2000046c  title                          
2000048a  addr                           
2000048c  __TI_cleanup_ptr               
20000490  __TI_dtors_ptr                 
20000494  __TI_enable_exit_profile_output
20000498  _lock                          
2000049c  _unlock                        
200004a8  main_func_sp                   
200004ac  millis                         
200004b0  str                            
200004c0  cardID                         
200004c8  AntennaGain                    
200004c9  Version                        
200004ca  status                         
ffffffff  __TI_pprof_out_hndl            
ffffffff  __TI_prof_data_size            
ffffffff  __TI_prof_data_start           
ffffffff  __binit__                      
ffffffff  __c_args__                     
ffffffff  binit                          
UNDEFED   SHT$$INIT_ARRAY$$Base          
UNDEFED   SHT$$INIT_ARRAY$$Limit         

[158 symbols]
